Component: ARM Compiler 5.06 update 5 (build 528) Tool: armlink [4d35e2]

==============================================================================

Section Cross References

    main.o(i.Display_Data) refers to adc.o(i.Get_adc_Average) for Get_adc_Average
    main.o(i.Display_Data) refers to ffltui.o(.text) for __aeabi_ui2f
    main.o(i.Display_Data) refers to fmul.o(.text) for __aeabi_fmul
    main.o(i.Display_Data) refers to cfrcmple.o(.text) for __aeabi_cfrcmple
    main.o(i.Display_Data) refers to cfcmple.o(.text) for __aeabi_cfcmple
    main.o(i.Display_Data) refers to fadd.o(.text) for __aeabi_fsub
    main.o(i.Display_Data) refers to fdiv.o(.text) for __aeabi_fdiv
    main.o(i.Display_Data) refers to ffixui.o(.text) for __aeabi_f2uiz
    main.o(i.Display_Data) refers to f2d.o(.text) for __aeabi_f2d
    main.o(i.Display_Data) refers to printfa.o(i.__0sprintf) for __2sprintf
    main.o(i.Display_Data) refers to oled.o(i.OLED_ShowString) for OLED_ShowString
    main.o(i.Display_Data) refers to main.o(.data) for dht22_data
    main.o(i.Display_Data) refers to main.o(.bss) for display_str
    main.o(i.main) refers to oled.o(i.OLED_Init) for OLED_Init
    main.o(i.main) refers to system_stm32f10x.o(i.SystemInit) for SystemInit
    main.o(i.main) refers to delay.o(i.delay_init) for delay_init
    main.o(i.main) refers to dht22.o(i.DHT22_Init) for DHT22_Init
    main.o(i.main) refers to control.o(i.Motor_SetSpeed) for Motor_SetSpeed
    main.o(i.main) refers to control.o(i.TIM1_UP_IRQHandler) for TIM1_UP_IRQHandler
    main.o(i.main) refers to serial.o(i.Serial2_Init) for Serial2_Init
    main.o(i.main) refers to esp8266.o(i.ESP8266_Init) for ESP8266_Init
    main.o(i.main) refers to pwm.o(i.TIM4_PWM_Init) for TIM4_PWM_Init
    main.o(i.main) refers to oled.o(i.OLED_ShowString) for OLED_ShowString
    main.o(i.main) refers to misc.o(i.NVIC_PriorityGroupConfig) for NVIC_PriorityGroupConfig
    main.o(i.main) refers to usart.o(i.uart_init) for uart_init
    main.o(i.main) refers to adc.o(i.adc_Init) for adc_Init
    main.o(i.main) refers to gpio.o(i.Gpio_Init) for Gpio_Init
    main.o(i.main) refers to pwm.o(i.PWM_Int) for PWM_Int
    main.o(i.main) refers to timer.o(i.TIM1_10ms_Init) for TIM1_10ms_Init
    main.o(i.main) refers to adc.o(i.Get_adc_Average) for Get_adc_Average
    main.o(i.main) refers to ffltui.o(.text) for __aeabi_ui2f
    main.o(i.main) refers to f2d.o(.text) for __aeabi_f2d
    main.o(i.main) refers to dmul.o(.text) for __aeabi_dmul
    main.o(i.main) refers to d2f.o(.text) for __aeabi_d2f
    main.o(i.main) refers to dht22.o(i.DHT22_Read) for DHT22_Read
    main.o(i.main) refers to main.o(i.Display_Data) for Display_Data
    main.o(i.main) refers to esp8266.o(i.ESP8266_GetRxFlag) for ESP8266_GetRxFlag
    main.o(i.main) refers to esp8266.o(i.ESP8266_GetRxBuffer) for ESP8266_GetRxBuffer
    main.o(i.main) refers to control.o(i.Parse_Command) for Parse_Command
    main.o(i.main) refers to esp8266.o(i.ESP8266_ClearRxFlag) for ESP8266_ClearRxFlag
    main.o(i.main) refers to delay.o(i.delay_ms) for delay_ms
    main.o(i.main) refers to main.o(.data) for adcx
    system_stm32f10x.o(i.SetSysClock) refers to system_stm32f10x.o(i.SetSysClockTo72) for SetSysClockTo72
    system_stm32f10x.o(i.SystemCoreClockUpdate) refers to system_stm32f10x.o(.data) for SystemCoreClock
    system_stm32f10x.o(i.SystemInit) refers to system_stm32f10x.o(i.SetSysClock) for SetSysClock
    startup_stm32f10x_md.o(RESET) refers to startup_stm32f10x_md.o(STACK) for __initial_sp
    startup_stm32f10x_md.o(RESET) refers to startup_stm32f10x_md.o(.text) for Reset_Handler
    startup_stm32f10x_md.o(RESET) refers to stm32f10x_it.o(i.NMI_Handler) for NMI_Handler
    startup_stm32f10x_md.o(RESET) refers to stm32f10x_it.o(i.HardFault_Handler) for HardFault_Handler
    startup_stm32f10x_md.o(RESET) refers to stm32f10x_it.o(i.MemManage_Handler) for MemManage_Handler
    startup_stm32f10x_md.o(RESET) refers to stm32f10x_it.o(i.BusFault_Handler) for BusFault_Handler
    startup_stm32f10x_md.o(RESET) refers to stm32f10x_it.o(i.UsageFault_Handler) for UsageFault_Handler
    startup_stm32f10x_md.o(RESET) refers to stm32f10x_it.o(i.SVC_Handler) for SVC_Handler
    startup_stm32f10x_md.o(RESET) refers to stm32f10x_it.o(i.DebugMon_Handler) for DebugMon_Handler
    startup_stm32f10x_md.o(RESET) refers to stm32f10x_it.o(i.PendSV_Handler) for PendSV_Handler
    startup_stm32f10x_md.o(RESET) refers to stm32f10x_it.o(i.SysTick_Handler) for SysTick_Handler
    startup_stm32f10x_md.o(RESET) refers to control.o(i.TIM1_UP_IRQHandler) for TIM1_UP_IRQHandler
    startup_stm32f10x_md.o(RESET) refers to encoder.o(i.TIM2_IRQHandler) for TIM2_IRQHandler
    startup_stm32f10x_md.o(RESET) refers to encoder.o(i.TIM4_IRQHandler) for TIM4_IRQHandler
    startup_stm32f10x_md.o(RESET) refers to usart.o(i.USART1_IRQHandler) for USART1_IRQHandler
    startup_stm32f10x_md.o(RESET) refers to serial.o(i.USART2_IRQHandler) for USART2_IRQHandler
[...]
    Removing stm32f10x_rcc.o(i.RCC_PCLK2Config), (24 bytes).
    Removing stm32f10x_rcc.o(i.RCC_PLLCmd), (12 bytes).
    Removing stm32f10x_rcc.o(i.RCC_PLLConfig), (28 bytes).
    Removing stm32f10x_rcc.o(i.RCC_RTCCLKCmd), (12 bytes).
    Removing stm32f10x_rcc.o(i.RCC_RTCCLKConfig), (16 bytes).
    Removing stm32f10x_rcc.o(i.RCC_SYSCLKConfig), (24 bytes).
    Removing stm32f10x_rcc.o(i.RCC_USBCLKConfig), (12 bytes).
    Removing stm32f10x_rcc.o(i.RCC_WaitForHSEStartUp), (56 bytes).
    Removing stm32f10x_rtc.o(i.RTC_ClearFlag), (16 bytes).
    Removing stm32f10x_rtc.o(i.RTC_ClearITPendingBit), (16 bytes).
    Removing stm32f10x_rtc.o(i.RTC_EnterConfigMode), (20 bytes).
    Removing stm32f10x_rtc.o(i.RTC_ExitConfigMode), (20 bytes).
    Removing stm32f10x_rtc.o(i.RTC_GetCounter), (20 bytes).
    Removing stm32f10x_rtc.o(i.RTC_GetDivider), (24 bytes).
    Removing stm32f10x_rtc.o(i.RTC_GetFlagStatus), (24 bytes).
    Removing stm32f10x_rtc.o(i.RTC_GetITStatus), (36 bytes).
    Removing stm32f10x_rtc.o(i.RTC_ITConfig), (32 bytes).
    Removing stm32f10x_rtc.o(i.RTC_SetAlarm), (28 bytes).
    Removing stm32f10x_rtc.o(i.RTC_SetCounter), (28 bytes).
    Removing stm32f10x_rtc.o(i.RTC_SetPrescaler), (32 bytes).
    Removing stm32f10x_rtc.o(i.RTC_WaitForLastTask), (20 bytes).
    Removing stm32f10x_rtc.o(i.RTC_WaitForSynchro), (36 bytes).
    Removing stm32f10x_sdio.o(i.SDIO_CEATAITCmd), (16 bytes).
    Removing stm32f10x_sdio.o(i.SDIO_ClearFlag), (12 bytes).
    Removing stm32f10x_sdio.o(i.SDIO_ClearITPendingBit), (12 bytes).
    Removing stm32f10x_sdio.o(i.SDIO_ClockCmd), (12 bytes).
    Removing stm32f10x_sdio.o(i.SDIO_CmdStructInit), (14 bytes).
    Removing stm32f10x_sdio.o(i.SDIO_CommandCompletionCmd), (12 bytes).
    Removing stm32f10x_sdio.o(i.SDIO_DMACmd), (12 bytes).
    Removing stm32f10x_sdio.o(i.SDIO_DataConfig), (48 bytes).
    Removing stm32f10x_sdio.o(i.SDIO_DataStructInit), (20 bytes).
    Removing stm32f10x_sdio.o(i.SDIO_DeInit), (36 bytes).
    Removing stm32f10x_sdio.o(i.SDIO_GetCommandResponse), (12 bytes).
    Removing stm32f10x_sdio.o(i.SDIO_GetDataCounter), (12 bytes).
    Removing stm32f10x_sdio.o(i.SDIO_GetFIFOCount), (12 bytes).
    Removing stm32f10x_sdio.o(i.SDIO_GetFlagStatus), (24 bytes).
    Removing stm32f10x_sdio.o(i.SDIO_GetITStatus), (24 bytes).
    Removing stm32f10x_sdio.o(i.SDIO_GetPowerState), (16 bytes).
    Removing stm32f10x_sdio.o(i.SDIO_GetResponse), (24 bytes).
    Removing stm32f10x_sdio.o(i.SDIO_ITConfig), (32 bytes).
    Removing stm32f10x_sdio.o(i.SDIO_Init), (48 bytes).
    Removing stm32f10x_sdio.o(i.SDIO_ReadData), (12 bytes).
    Removing stm32f10x_sdio.o(i.SDIO_SendCEATACmd), (12 bytes).
    Removing stm32f10x_sdio.o(i.SDIO_SendCommand), (44 bytes).
    Removing stm32f10x_sdio.o(i.SDIO_SendSDIOSuspendCmd), (12 bytes).
    Removing stm32f10x_sdio.o(i.SDIO_SetPowerState), (28 bytes).
    Removing stm32f10x_sdio.o(i.SDIO_SetSDIOOperation), (12 bytes).
    Removing stm32f10x_sdio.o(i.SDIO_SetSDIOReadWaitMode), (12 bytes).
    Removing stm32f10x_sdio.o(i.SDIO_StartSDIOReadWait), (12 bytes).
    Removing stm32f10x_sdio.o(i.SDIO_StopSDIOReadWait), (12 bytes).
    Removing stm32f10x_sdio.o(i.SDIO_StructInit), (16 bytes).
    Removing stm32f10x_sdio.o(i.SDIO_WriteData), (12 bytes).
    Removing stm32f10x_spi.o(i.I2S_Cmd), (24 bytes).
    Removing stm32f10x_spi.o(i.I2S_Init), (232 bytes).
    Removing stm32f10x_spi.o(i.I2S_StructInit), (20 bytes).
    Removing stm32f10x_spi.o(i.SPI_BiDirectionalLineConfig), (28 bytes).
    Removing stm32f10x_spi.o(i.SPI_CalculateCRC), (24 bytes).
    Removing stm32f10x_spi.o(i.SPI_Cmd), (24 bytes).
    Removing stm32f10x_spi.o(i.SPI_DataSizeConfig), (18 bytes).
    Removing stm32f10x_spi.o(i.SPI_GetCRC), (16 bytes).
    Removing stm32f10x_spi.o(i.SPI_GetCRCPolynomial), (6 bytes).
    Removing stm32f10x_spi.o(i.SPI_I2S_ClearFlag), (6 bytes).
    Removing stm32f10x_spi.o(i.SPI_I2S_ClearITPendingBit), (20 bytes).
    Removing stm32f10x_spi.o(i.SPI_I2S_DMACmd), (18 bytes).
    Removing stm32f10x_spi.o(i.SPI_I2S_DeInit), (88 bytes).
    Removing stm32f10x_spi.o(i.SPI_I2S_GetFlagStatus), (18 bytes).
    Removing stm32f10x_spi.o(i.SPI_I2S_GetITStatus), (52 bytes).
    Removing stm32f10x_spi.o(i.SPI_I2S_ITConfig), (32 bytes).
    Removing stm32f10x_spi.o(i.SPI_I2S_ReceiveData), (6 bytes).
    Removing stm32f10x_spi.o(i.SPI_I2S_SendData), (4 bytes).
    Removing stm32f10x_spi.o(i.SPI_Init), (60 bytes).
    Removing stm32f10x_spi.o(i.SPI_NSSInternalSoftwareConfig), (30 bytes).
    Removing stm32f10x_spi.o(i.SPI_SSOutputCmd), (24 bytes).
    Removing stm32f10x_spi.o(i.SPI_StructInit), (24 bytes).
    Removing stm32f10x_spi.o(i.SPI_TransmitCRC), (10 bytes).
    Removing stm32f10x_tim.o(i.TI1_Config), (128 bytes).
    Removing stm32f10x_tim.o(i.TI2_Config), (152 bytes).
    Removing stm32f10x_tim.o(i.TI3_Config), (144 bytes).
    Removing stm32f10x_tim.o(i.TI4_Config), (152 bytes).
    Removing stm32f10x_tim.o(i.TIM_BDTRConfig), (32 bytes).
    Removing stm32f10x_tim.o(i.TIM_BDTRStructInit), (18 bytes).
    Removing stm32f10x_tim.o(i.TIM_CCPreloadControl), (24 bytes).
    Removing stm32f10x_tim.o(i.TIM_CCxCmd), (30 bytes).
    Removing stm32f10x_tim.o(i.TIM_CCxNCmd), (30 bytes).
    Removing stm32f10x_tim.o(i.TIM_ClearFlag), (6 bytes).
    Removing stm32f10x_tim.o(i.TIM_ClearOC1Ref), (18 bytes).
    Removing stm32f10x_tim.o(i.TIM_ClearOC2Ref), (24 bytes).
    Removing stm32f10x_tim.o(i.TIM_ClearOC3Ref), (18 bytes).
    Removing stm32f10x_tim.o(i.TIM_ClearOC4Ref), (24 bytes).
    Removing stm32f10x_tim.o(i.TIM_CounterModeConfig), (18 bytes).
    Removing stm32f10x_tim.o(i.TIM_DMACmd), (18 bytes).
    Removing stm32f10x_tim.o(i.TIM_DMAConfig), (10 bytes).
    Removing stm32f10x_tim.o(i.TIM_DeInit), (488 bytes).
    Removing stm32f10x_tim.o(i.TIM_ETRClockMode1Config), (54 bytes).
    Removing stm32f10x_tim.o(i.TIM_ETRClockMode2Config), (32 bytes).
    Removing stm32f10x_tim.o(i.TIM_ETRConfig), (28 bytes).
    Removing stm32f10x_tim.o(i.TIM_EncoderInterfaceConfig), (66 bytes).
    Removing stm32f10x_tim.o(i.TIM_ForcedOC1Config), (18 bytes).
    Removing stm32f10x_tim.o(i.TIM_ForcedOC2Config), (26 bytes).
    Removing stm32f10x_tim.o(i.TIM_ForcedOC3Config), (18 bytes).
    Removing stm32f10x_tim.o(i.TIM_ForcedOC4Config), (26 bytes).
    Removing stm32f10x_tim.o(i.TIM_GenerateEvent), (4 bytes).
    Removing stm32f10x_tim.o(i.TIM_GetCapture1), (6 bytes).
    Removing stm32f10x_tim.o(i.TIM_GetCapture2), (6 bytes).
    Removing stm32f10x_tim.o(i.TIM_GetCapture3), (6 bytes).
    Removing stm32f10x_tim.o(i.TIM_GetCapture4), (8 bytes).
    Removing stm32f10x_tim.o(i.TIM_GetCounter), (6 bytes).
    Removing stm32f10x_tim.o(i.TIM_GetFlagStatus), (18 bytes).
    Removing stm32f10x_tim.o(i.TIM_GetPrescaler), (6 bytes).
    Removing stm32f10x_tim.o(i.TIM_ICInit), (172 bytes).
    Removing stm32f10x_tim.o(i.TIM_ICStructInit), (18 bytes).
    Removing stm32f10x_tim.o(i.TIM_ITRxExternalClockConfig), (24 bytes).
    Removing stm32f10x_tim.o(i.TIM_InternalClockConfig), (12 bytes).
    Removing stm32f10x_tim.o(i.TIM_OC1FastConfig), (18 bytes).
    Removing stm32f10x_tim.o(i.TIM_OC1Init), (152 bytes).
    Removing stm32f10x_tim.o(i.TIM_OC1NPolarityConfig), (18 bytes).
    Removing stm32f10x_tim.o(i.TIM_OC1PolarityConfig), (18 bytes).
    Removing stm32f10x_tim.o(i.TIM_OC1PreloadConfig), (18 bytes).
    Removing stm32f10x_tim.o(i.TIM_OC2FastConfig), (26 bytes).
    Removing stm32f10x_tim.o(i.TIM_OC2Init), (164 bytes).
    Removing stm32f10x_tim.o(i.TIM_OC2NPolarityConfig), (26 bytes).
    Removing stm32f10x_tim.o(i.TIM_OC2PolarityConfig), (26 bytes).
    Removing stm32f10x_tim.o(i.TIM_OC2PreloadConfig), (26 bytes).
    Removing stm32f10x_tim.o(i.TIM_OC3FastConfig), (18 bytes).
    Removing stm32f10x_tim.o(i.TIM_OC3NPolarityConfig), (26 bytes).
    Removing stm32f10x_tim.o(i.TIM_OC3PolarityConfig), (26 bytes).
    Removing stm32f10x_tim.o(i.TIM_OC4FastConfig), (26 bytes).
    Removing stm32f10x_tim.o(i.TIM_OC4PolarityConfig), (26 bytes).
    Removing stm32f10x_tim.o(i.TIM_OCStructInit), (20 bytes).
    Removing stm32f10x_tim.o(i.TIM_PWMIConfig), (124 bytes).
    Removing stm32f10x_tim.o(i.TIM_PrescalerConfig), (6 bytes).
    Removing stm32f10x_tim.o(i.TIM_SelectCCDMA), (24 bytes).
    Removing stm32f10x_tim.o(i.TIM_SelectCOM), (24 bytes).
    Removing stm32f10x_tim.o(i.TIM_SelectHallSensor), (24 bytes).
    Removing stm32f10x_tim.o(i.TIM_SelectInputTrigger), (18 bytes).
    Removing stm32f10x_tim.o(i.TIM_SelectMasterSlaveMode), (18 bytes).
    Removing stm32f10x_tim.o(i.TIM_SelectOCxM), (82 bytes).
    Removing stm32f10x_tim.o(i.TIM_SelectOnePulseMode), (18 bytes).
    Removing stm32f10x_tim.o(i.TIM_SelectOutputTrigger), (18 bytes).
    Removing stm32f10x_tim.o(i.TIM_SelectSlaveMode), (18 bytes).
    Removing stm32f10x_tim.o(i.TIM_SetAutoreload), (4 bytes).
    Removing stm32f10x_tim.o(i.TIM_SetClockDivision), (18 bytes).
    Removing stm32f10x_tim.o(i.TIM_SetCompare1), (4 bytes).
    Removing stm32f10x_tim.o(i.TIM_SetCompare2), (4 bytes).
    Removing stm32f10x_tim.o(i.TIM_SetCounter), (4 bytes).
    Removing stm32f10x_tim.o(i.TIM_SetIC1Prescaler), (18 bytes).
    Removing stm32f10x_tim.o(i.TIM_SetIC2Prescaler), (26 bytes).
    Removing stm32f10x_tim.o(i.TIM_SetIC3Prescaler), (18 bytes).
    Removing stm32f10x_tim.o(i.TIM_SetIC4Prescaler), (26 bytes).
    Removing stm32f10x_tim.o(i.TIM_TIxExternalClockConfig), (62 bytes).
    Removing stm32f10x_tim.o(i.TIM_TimeBaseStructInit), (18 bytes).
    Removing stm32f10x_tim.o(i.TIM_UpdateDisableConfig), (24 bytes).
    Removing stm32f10x_tim.o(i.TIM_UpdateRequestConfig), (24 bytes).
    Removing stm32f10x_usart.o(i.USART_ClearFlag), (18 bytes).
    Removing stm32f10x_usart.o(i.USART_ClockInit), (34 bytes).
    Removing stm32f10x_usart.o(i.USART_ClockStructInit), (12 bytes).
    Removing stm32f10x_usart.o(i.USART_DMACmd), (18 bytes).
    Removing stm32f10x_usart.o(i.USART_DeInit), (156 bytes).
    Removing stm32f10x_usart.o(i.USART_HalfDuplexCmd), (24 bytes).
    Removing stm32f10x_usart.o(i.USART_IrDACmd), (24 bytes).
    Removing stm32f10x_usart.o(i.USART_IrDAConfig), (18 bytes).
    Removing stm32f10x_usart.o(i.USART_LINBreakDetectLengthConfig), (18 bytes).
    Removing stm32f10x_usart.o(i.USART_LINCmd), (24 bytes).
    Removing stm32f10x_usart.o(i.USART_OneBitMethodCmd), (24 bytes).
    Removing stm32f10x_usart.o(i.USART_OverSampling8Cmd), (22 bytes).
    Removing stm32f10x_usart.o(i.USART_ReceiverWakeUpCmd), (24 bytes).
    Removing stm32f10x_usart.o(i.USART_SendBreak), (10 bytes).
    Removing stm32f10x_usart.o(i.USART_SetAddress), (18 bytes).
    Removing stm32f10x_usart.o(i.USART_SetGuardTime), (16 bytes).
    Removing stm32f10x_usart.o(i.USART_SetPrescaler), (16 bytes).
    Removing stm32f10x_usart.o(i.USART_SmartCardCmd), (24 bytes).
    Removing stm32f10x_usart.o(i.USART_SmartCardNACKCmd), (24 bytes).
    Removing stm32f10x_usart.o(i.USART_StructInit), (24 bytes).
    Removing stm32f10x_usart.o(i.USART_WakeUpConfig), (18 bytes).
    Removing stm32f10x_wwdg.o(i.WWDG_ClearFlag), (12 bytes).
    Removing stm32f10x_wwdg.o(i.WWDG_DeInit), (22 bytes).
    Removing stm32f10x_wwdg.o(i.WWDG_Enable), (16 bytes).
    Removing stm32f10x_wwdg.o(i.WWDG_EnableIT), (12 bytes).
    Removing stm32f10x_wwdg.o(i.WWDG_GetFlagStatus), (12 bytes).
    Removing stm32f10x_wwdg.o(i.WWDG_SetCounter), (16 bytes).
    Removing stm32f10x_wwdg.o(i.WWDG_SetPrescaler), (24 bytes).
    Removing stm32f10x_wwdg.o(i.WWDG_SetWindowValue), (40 bytes).
    Removing sys.o(.emb_text), (6 bytes).
    Removing sys.o(i.INTX_DISABLE), (4 bytes).
    Removing sys.o(i.INTX_ENABLE), (4 bytes).
    Removing sys.o(i.WFI_SET), (4 bytes).
    Removing usart.o(i.USART1_SendChar), (32 bytes).
    Removing usart.o(i.USART1_SendString), (22 bytes).
    Removing usart.o(i._sys_exit), (4 bytes).
    Removing moto.o(i.Velocity_A), (152 bytes).
    Removing moto.o(i.Velocity_B), (152 bytes).
    Removing moto.o(i.moto), (88 bytes).
    Removing moto.o(.data), (16 bytes).
    Removing encoder.o(i.Encoder_Init_Tim2), (160 bytes).
    Removing encoder.o(i.Encoder_Init_Tim4), (156 bytes).
    Removing encoder.o(i.Read_Encoder), (56 bytes).
    Removing oled.o(i.OLED_Pow), (20 bytes).
    Removing oled.o(i.OLED_ShowBinNum), (62 bytes).
    Removing oled.o(i.OLED_ShowHexNum), (84 bytes).
    Removing oled.o(i.OLED_ShowNum), (68 bytes).
    Removing oled.o(i.OLED_ShowSignedNum), (102 bytes).
    Removing esp8266.o(i.ESP8266_GetRxLength), (12 bytes).
    Removing esp8266.o(i.ESP8266_SendData), (72 bytes).
    Removing fflti.o(.text), (18 bytes).
    Removing ffixi.o(.text), (50 bytes).

453 unused section(s) (total 18814 bytes) removed from the image.

==============================================================================

Image Symbol Table

    Local Symbols

    Symbol Name                              Value     Ov Type        Size  Object(Section)

    ../clib/microlib/division.c              0x00000000   Number         0  uldiv.o ABSOLUTE
    ../clib/microlib/division.c              0x00000000   Number         0  uidiv.o ABSOLUTE
    ../clib/microlib/init/entry.s            0x00000000   Number         0  entry10a.o ABSOLUTE
    ../clib/microlib/init/entry.s            0x00000000   Number         0  entry9a.o ABSOLUTE
    ../clib/microlib/init/entry.s            0x00000000   Number         0  entry9b.o ABSOLUTE
    ../clib/microlib/init/entry.s            0x00000000   Number         0  entry.o ABSOLUTE
    ../clib/microlib/init/entry.s            0x00000000   Number         0  entry8a.o ABSOLUTE
    ../clib/microlib/init/entry.s            0x00000000   Number         0  entry5.o ABSOLUTE
    ../clib/microlib/init/entry.s            0x00000000   Number         0  entry11b.o ABSOLUTE
    ../clib/microlib/init/entry.s            0x00000000   Number         0  entry10b.o ABSOLUTE
    ../clib/microlib/init/entry.s            0x00000000   Number         0  entry11a.o ABSOLUTE
    ../clib/microlib/init/entry.s            0x00000000   Number         0  entry2.o ABSOLUTE
    ../clib/microlib/init/entry.s            0x00000000   Number         0  entry7a.o ABSOLUTE
    ../clib/microlib/init/entry.s            0x00000000   Number         0  entry7b.o ABSOLUTE
    ../clib/microlib/init/entry.s            0x00000000   Number         0  entry8b.o ABSOLUTE
    ../clib/microlib/longlong.c              0x00000000   Number         0  llushr.o ABSOLUTE
    ../clib/microlib/longlong.c              0x00000000   Number         0  llsshr.o ABSOLUTE
    ../clib/microlib/longlong.c              0x00000000   Number         0  llshl.o ABSOLUTE
    ../clib/microlib/printf/printf.c         0x00000000   Number         0  printfb.o ABSOLUTE
    ../clib/microlib/printf/printf.c         0x00000000   Number         0  printf0.o ABSOLUTE
    ../clib/microlib/printf/printf.c         0x00000000   Number         0  printf1.o ABSOLUTE
    ../clib/microlib/printf/printf.c         0x00000000   Number         0  printf2.o ABSOLUTE
    ../clib/microlib/printf/printf.c         0x00000000   Number         0  printf8.o ABSOLUTE
    ../clib/microlib/printf/printf.c         0x00000000   Number         0  printf7.o ABSOLUTE
    ../clib/microlib/printf/printf.c         0x00000000   Number         0  printf6.o ABSOLUTE
    ../clib/microlib/printf/printf.c         0x00000000   Number         0  printfa.o ABSOLUTE
    ../clib/microlib/printf/printf.c         0x00000000   Number         0  printf5.o ABSOLUTE
    ../clib/microlib/printf/printf.c         0x00000000   Number         0  printf4.o ABSOLUTE
    ../clib/microlib/printf/printf.c         0x00000000   Number         0  printf3.o ABSOLUTE
    ../clib/microlib/printf/stubs.s          0x00000000   Number         0  stubs.o ABSOLUTE
    ../clib/microlib/string/strcmp.c         0x00000000   Number         0  strcmp.o ABSOLUTE
    ../clib/microlib/string/strlen.c         0x00000000   Number         0  strlen.o ABSOLUTE
    ../clib/microlib/stubs.s                 0x00000000   Number         0  iusefp.o ABSOLUTE
    ../clib/microlib/stubs.s                 0x00000000   Number         0  useno.o ABSOLUTE
    ../fplib/microlib/d2f.c                  0x00000000   Number         0  d2f.o ABSOLUTE
    ../fplib/microlib/f2d.c                  0x00000000   Number         0  f2d.o ABSOLUTE
    ../fplib/microlib/fpadd.c                0x00000000   Number         0  dadd.o ABSOLUTE
    ../fplib/microlib/fpadd.c                0x00000000   Number         0  fadd.o ABSOLUTE
    ../fplib/microlib/fpdiv.c                0x00000000   Number         0  fdiv.o ABSOLUTE
    ../fplib/microlib/fpdiv.c                0x00000000   Number         0  ddiv.o ABSOLUTE
    ../fplib/microlib/fpepilogue.c           0x00000000   Number         0  fepilogue.o ABSOLUTE
    ../fplib/microlib/fpepilogue.c           0x00000000   Number         0  depilogue.o ABSOLUTE
    ../fplib/microlib/fpfix.c                0x00000000   Number         0  dfixul.o ABSOLUTE
    ../fplib/microlib/fpfix.c                0x00000000   Number         0  ffixi.o ABSOLUTE
    ../fplib/microlib/fpfix.c                0x00000000   Number         0  ffixui.o ABSOLUTE
    ../fplib/microlib/fpflt.c                0x00000000   Number         0  dflti.o ABSOLUTE
    ../fplib/microlib/fpflt.c                0x00000000   Number         0  ffltui.o ABSOLUTE
    ../fplib/microlib/fpflt.c                0x00000000   Number         0  fflti.o ABSOLUTE
    ../fplib/microlib/fpmul.c                0x00000000   Number         0  fmul.o ABSOLUTE
    ../fplib/microlib/fpmul.c                0x00000000   Number         0  dmul.o ABSOLUTE
    ..\CORE\core_cm3.c                       0x00000000   Number         0  core_cm3.o ABSOLUTE
    ..\CORE\startup_stm32f10x_md.s           0x00000000   Number         0  startup_stm32f10x_md.o ABSOLUTE
    ..\HAREWER\ADC\adc.c                     0x00000000   Number         0  adc.o ABSOLUTE
    ..\HAREWER\CONTROL\Control.c             0x00000000   Number         0  control.o ABSOLUTE
    ..\HAREWER\DHT22\DHT22.c                 0x00000000   Number         0  dht22.o ABSOLUTE
    ..\HAREWER\ENCODER\encoder.c             0x00000000   Number         0  encoder.o ABSOLUTE
    ..\HAREWER\ESP8266\ESP8266.c             0x00000000   Number         0  esp8266.o ABSOLUTE
    ..\HAREWER\GPIO\gpio.c                   0x00000000   Number         0  gpio.o ABSOLUTE
    ..\HAREWER\MOTO\moto.c                   0x00000000   Number         0  moto.o ABSOLUTE
    ..\HAREWER\OLED.c                        0x00000000   Number         0  oled.o ABSOLUTE
    ..\HAREWER\PWM\pwm.c                     0x00000000   Number         0  pwm.o ABSOLUTE
    ..\HAREWER\Serial\Serial.c               0x00000000   Number         0  serial.o ABSOLUTE
    ..\HAREWER\TIMER\timer.c                 0x00000000   Number         0  timer.o ABSOLUTE
    ..\STM32F10x_FWLIB\src\misc.c            0x00000000   Number         0  misc.o ABSOLUTE
    ..\STM32F10x_FWLIB\src\stm32f10x_adc.c   0x00000000   Number         0  stm32f10x_adc.o ABSOLUTE
    ..\STM32F10x_FWLIB\src\stm32f10x_bkp.c   0x00000000   Number         0  stm32f10x_bkp.o ABSOLUTE
    ..\STM32F10x_FWLIB\src\stm32f10x_can.c   0x00000000   Number         0  stm32f10x_can.o ABSOLUTE
    ..\STM32F10x_FWLIB\src\stm32f10x_cec.c   0x00000000   Number         0  stm32f10x_cec.o ABSOLUTE
    ..\STM32F10x_FWLIB\src\stm32f10x_crc.c   0x00000000   Number         0  stm32f10x_crc.o ABSOLUTE
    ..\STM32F10x_FWLIB\src\stm32f10x_dac.c   0x00000000   Number         0  stm32f10x_dac.o ABSOLUTE
    ..\STM32F10x_FWLIB\src\stm32f10x_dbgmcu.c 0x00000000   Number         0  stm32f10x_dbgmcu.o ABSOLUTE
    ..\STM32F10x_FWLIB\src\stm32f10x_dma.c   0x00000000   Number         0  stm32f10x_dma.o ABSOLUTE
    ..\STM32F10x_FWLIB\src\stm32f10x_exti.c  0x00000000   Number         0  stm32f10x_exti.o ABSOLUTE
    ..\STM32F10x_FWLIB\src\stm32f10x_flash.c 0x00000000   Number         0  stm32f10x_flash.o ABSOLUTE
    ..\STM32F10x_FWLIB\src\stm32f10x_fsmc.c  0x00000000   Number         0  stm32f10x_fsmc.o ABSOLUTE
    ..\STM32F10x_FWLIB\src\stm32f10x_gpio.c  0x00000000   Number         0  stm32f10x_gpio.o ABSOLUTE
    ..\STM32F10x_FWLIB\src\stm32f10x_i2c.c   0x00000000   Number         0  stm32f10x_i2c.o ABSOLUTE
    ..\STM32F10x_FWLIB\src\stm32f10x_iwdg.c  0x00000000   Number         0  stm32f10x_iwdg.o ABSOLUTE
    ..\STM32F10x_FWLIB\src\stm32f10x_pwr.c   0x00000000   Number         0  stm32f10x_pwr.o ABSOLUTE
    ..\STM32F10x_FWLIB\src\stm32f10x_rcc.c   0x00000000   Number         0  stm32f10x_rcc.o ABSOLUTE
    ..\STM32F10x_FWLIB\src\stm32f10x_rtc.c   0x00000000   Number         0  stm32f10x_rtc.o ABSOLUTE
    ..\STM32F10x_FWLIB\src\stm32f10x_sdio.c  0x00000000   Number         0  stm32f10x_sdio.o ABSOLUTE
    ..\STM32F10x_FWLIB\src\stm32f10x_spi.c   0x00000000   Number         0  stm32f10x_spi.o ABSOLUTE
    ..\STM32F10x_FWLIB\src\stm32f10x_tim.c   0x00000000   Number         0  stm32f10x_tim.o ABSOLUTE
    ..\STM32F10x_FWLIB\src\stm32f10x_usart.c 0x00000000   Number         0  stm32f10x_usart.o ABSOLUTE
    ..\STM32F10x_FWLIB\src\stm32f10x_wwdg.c  0x00000000   Number         0  stm32f10x_wwdg.o ABSOLUTE
    ..\SYSTEM\delay\delay.c                  0x00000000   Number         0  delay.o ABSOLUTE
    ..\SYSTEM\sys\sys.c                      0x00000000   Number         0  sys.o ABSOLUTE
    ..\SYSTEM\usart\usart.c                  0x00000000   Number         0  usart.o ABSOLUTE
    ..\\CORE\\core_cm3.c                     0x00000000   Number         0  core_cm3.o ABSOLUTE
    ..\\SYSTEM\\sys\\sys.c                   0x00000000   Number         0  sys.o ABSOLUTE
    cdrcmple.s                               0x00000000   Number         0  cdrcmple.o ABSOLUTE
    cfcmple.s                                0x00000000   Number         0  cfcmple.o ABSOLUTE
    cfrcmple.s                               0x00000000   Number         0  cfrcmple.o ABSOLUTE
    dc.s                                     0x00000000   Number         0  dc.o ABSOLUTE
    handlers.s                               0x00000000   Number         0  handlers.o ABSOLUTE
    init.s                                   0x00000000   Number         0  init.o ABSOLUTE
    main.c                                   0x00000000   Number         0  main.o ABSOLUTE
    stm32f10x_it.c                           0x00000000   Number         0  stm32f10x_it.o ABSOLUTE
    system_stm32f10x.c                       0x00000000   Number         0  system_stm32f10x.o ABSOLUTE
    RESET                                    0x08000000   Section      236  startup_stm32f10x_md.o(RESET)
    .ARM.Collect$$$$00000000                 0x080000ec   Section        0  entry.o(.ARM.Collect$$$$00000000)
    .ARM.Collect$$$$00000001                 0x080000ec   Section        4  entry2.o(.ARM.Collect$$$$00000001)
    .ARM.Collect$$$$00000004                 0x080000f0   Section        4  entry5.o(.ARM.Collect$$$$00000004)
    .ARM.Collect$$$$00000008                 0x080000f4   Section        0  entry7b.o(.ARM.Collect$$$$00000008)
    .ARM.Collect$$$$0000000A                 0x080000f4   Section        0  entry8b.o(.ARM.Collect$$$$0000000A)
    .ARM.Collect$$$$0000000B                 0x080000f4   Section        8  entry9a.o(.ARM.Collect$$$$0000000B)
    .ARM.Collect$$$$0000000D                 0x080000fc   Section        0  entry10a.o(.ARM.Collect$$$$0000000D)
    .ARM.Collect$$$$0000000F                 0x080000fc   Section        0  entry11a.o(.ARM.Collect$$$$0000000F)
    .ARM.Collect$$$$00002712                 0x080000fc   Section        4  entry2.o(.ARM.Collect$$$$00002712)
    __lit__00000000                          0x080000fc   Data           4  entry2.o(.ARM.Collect$$$$00002712)
    .text                                    0x08000100   Section       36  startup_stm32f10x_md.o(.text)
    .text                                    0x08000124   Section        0  strcmp.o(.text)
    .text                                    0x08000140   Section        0  fadd.o(.text)
    .text                                    0x080001f0   Section        0  fmul.o(.text)
    .text                                    0x08000254   Section        0  fdiv.o(.text)
    .text                                    0x080002d0   Section        0  dmul.o(.text)
    .text                                    0x080003b4   Section        0  ddiv.o(.text)
    .text                                    0x08000492   Section        0  ffltui.o(.text)
    .text                                    0x0800049c   Section        0  dflti.o(.text)
    .text                                    0x080004be   Section        0  ffixui.o(.text)
    .text                                    0x080004e6   Section        0  f2d.o(.text)
    .text                                    0x0800050c   Section        0  d2f.o(.text)
    .text                                    0x08000544   Section       20  cfcmple.o(.text)
    .text                                    0x08000558   Section       20  cfrcmple.o(.text)
    .text                                    0x0800056c   Section        0  uidiv.o(.text)
    .text                                    0x08000598   Section        0  uldiv.o(.text)
    .text                                    0x080005fa   Section        0  fepilogue.o(.text)
    .text                                    0x080005fa   Section        0  iusefp.o(.text)
    .text                                    0x08000668   Section        0  depilogue.o(.text)
    .text                                    0x08000722   Section        0  dadd.o(.text)
    .text                                    0x08000870   Section        0  dfixul.o(.text)
    .text                                    0x080008a0   Section       48  cdrcmple.o(.text)
    .text                                    0x080008d0   Section       36  init.o(.text)
    .text                                    0x080008f4   Section        0  llshl.o(.text)
    .text                                    0x08000912   Section        0  llushr.o(.text)
    .text                                    0x08000932   Section        0  llsshr.o(.text)
    i.ADC_Cmd                                0x08000956   Section        0  stm32f10x_adc.o(i.ADC_Cmd)
    i.ADC_DeInit                             0x0800096c   Section        0  stm32f10x_adc.o(i.ADC_DeInit)
    i.ADC_GetCalibrationStatus               0x080009c8   Section        0  stm32f10x_adc.o(i.ADC_GetCalibrationStatus)
    i.ADC_GetConversionValue                 0x080009dc   Section        0  stm32f10x_adc.o(i.ADC_GetConversionValue)
    i.ADC_GetFlagStatus                      0x080009e4   Section        0  stm32f10x_adc.o(i.ADC_GetFlagStatus)
    i.ADC_GetResetCalibrationStatus          0x080009f6   Section        0  stm32f10x_adc.o(i.ADC_GetResetCalibrationStatus)
    i.ADC_Init                               0x08000a0c   Section        0  stm32f10x_adc.o(i.ADC_Init)
    i.ADC_RegularChannelConfig               0x08000a5c   Section        0  stm32f10x_adc.o(i.ADC_RegularChannelConfig)
    i.ADC_ResetCalibration                   0x08000b14   Section        0  stm32f10x_adc.o(i.ADC_ResetCalibration)
    i.ADC_SoftwareStartConvCmd               0x08000b1e   Section        0  stm32f10x_adc.o(i.ADC_SoftwareStartConvCmd)
    i.ADC_StartCalibration                   0x08000b34   Section        0  stm32f10x_adc.o(i.ADC_StartCalibration)
    i.BusFault_Handler                       0x08000b3e   Section        0  stm32f10x_it.o(i.BusFault_Handler)
    i.DHT22_GPIO_Config                      0x08000b44   Section        0  dht22.o(i.DHT22_GPIO_Config)
    DHT22_GPIO_Config                        0x08000b45   Thumb Code    50  dht22.o(i.DHT22_GPIO_Config)
    i.DHT22_Init                             0x08000b7c   Section        0  dht22.o(i.DHT22_Init)
    i.DHT22_Read                             0x08000b84   Section        0  dht22.o(i.DHT22_Read)
    i.DHT22_Read_Byte                        0x08000c6c   Section        0  dht22.o(i.DHT22_Read_Byte)
    DHT22_Read_Byte                          0x08000c6d   Thumb Code    84  dht22.o(i.DHT22_Read_Byte)
    i.DHT22_Set_Input                        0x08000cc4   Section        0  dht22.o(i.DHT22_Set_Input)
    DHT22_Set_Input                          0x08000cc5   Thumb Code    26  dht22.o(i.DHT22_Set_Input)
    i.DHT22_Set_Output                       0x08000ce4   Section        0  dht22.o(i.DHT22_Set_Output)
    DHT22_Set_Output                         0x08000ce5   Thumb Code    32  dht22.o(i.DHT22_Set_Output)
    i.DebugMon_Handler                       0x08000d08   Section        0  stm32f10x_it.o(i.DebugMon_Handler)
    i.Display_Data                           0x08000d0c   Section        0  main.o(i.Display_Data)
    i.ESP8266_ClearRxFlag                    0x08000e10   Section        0  esp8266.o(i.ESP8266_ClearRxFlag)
    i.ESP8266_GetRxBuffer                    0x08000e1c   Section        0  esp8266.o(i.ESP8266_GetRxBuffer)
    i.ESP8266_GetRxFlag                      0x08000e24   Section        0  esp8266.o(i.ESP8266_GetRxFlag)
    i.ESP8266_Init                           0x08000e30   Section        0  esp8266.o(i.ESP8266_Init)
    i.GPIO_Init                              0x08000eb0   Section        0  stm32f10x_gpio.o(i.GPIO_Init)
    i.GPIO_ReadInputDataBit                  0x08000fc6   Section        0  stm32f10x_gpio.o(i.GPIO_ReadInputDataBit)
    i.GPIO_ResetBits                         0x08000fd8   Section        0  stm32f10x_gpio.o(i.GPIO_ResetBits)
    i.GPIO_SetBits                           0x08000fdc   Section        0  stm32f10x_gpio.o(i.GPIO_SetBits)
    i.GPIO_WriteBit                          0x08000fe0   Section        0  stm32f10x_gpio.o(i.GPIO_WriteBit)
    i.Get_adc                                0x08000fec   Section        0  adc.o(i.Get_adc)
    i.Get_adc_Average                        0x08001020   Section        0  adc.o(i.Get_adc_Average)
    i.Gpio_Init                              0x08001050   Section        0  gpio.o(i.Gpio_Init)
    i.HardFault_Handler                      0x0800107c   Section        0  stm32f10x_it.o(i.HardFault_Handler)
    i.MemManage_Handler                      0x08001080   Section        0  stm32f10x_it.o(i.MemManage_Handler)
    i.Motor_SetSpeed                         0x08001084   Section        0  control.o(i.Motor_SetSpeed)
    i.NMI_Handler                            0x08001104   Section        0  stm32f10x_it.o(i.NMI_Handler)
    i.NVIC_Init                              0x08001108   Section        0  misc.o(i.NVIC_Init)
    i.NVIC_PriorityGroupConfig               0x08001178   Section        0  misc.o(i.NVIC_PriorityGroupConfig)
    i.OLED_Clear                             0x0800118c   Section        0  oled.o(i.OLED_Clear)
    i.OLED_I2C_Init                          0x080011b8   Section        0  oled.o(i.OLED_I2C_Init)
    i.OLED_I2C_SendByte                      0x08001208   Section        0  oled.o(i.OLED_I2C_SendByte)
    i.OLED_I2C_Start                         0x08001264   Section        0  oled.o(i.OLED_I2C_Start)
    i.OLED_I2C_Stop                          0x08001298   Section        0  oled.o(i.OLED_I2C_Stop)
    i.OLED_Init                              0x080012c0   Section        0  oled.o(i.OLED_Init)
    i.OLED_SetCursor                         0x0800136e   Section        0  oled.o(i.OLED_SetCursor)
    i.OLED_ShowChar                          0x08001390   Section        0  oled.o(i.OLED_ShowChar)
    i.OLED_ShowString                        0x08001404   Section        0  oled.o(i.OLED_ShowString)
    i.OLED_WriteCommand                      0x0800142c   Section        0  oled.o(i.OLED_WriteCommand)
    i.OLED_WriteData                         0x0800144c   Section        0  oled.o(i.OLED_WriteData)
    i.PWM_Int                                0x0800146c   Section        0  pwm.o(i.PWM_Int)
    i.Parse_Command                          0x08001510   Section        0  control.o(i.Parse_Command)
    i.PendSV_Handler                         0x08001758   Section        0  stm32f10x_it.o(i.PendSV_Handler)
    i.RCC_ADCCLKConfig                       0x0800175c   Section        0  stm32f10x_rcc.o(i.RCC_ADCCLKConfig)
    i.RCC_APB1PeriphClockCmd                 0x08001774   Section        0  stm32f10x_rcc.o(i.RCC_APB1PeriphClockCmd)
    i.RCC_APB2PeriphClockCmd                 0x08001794   Section        0  stm32f10x_rcc.o(i.RCC_APB2PeriphClockCmd)
    i.RCC_APB2PeriphResetCmd                 0x080017b4   Section        0  stm32f10x_rcc.o(i.RCC_APB2PeriphResetCmd)
    i.RCC_GetClocksFreq                      0x080017d4   Section        0  stm32f10x_rcc.o(i.RCC_GetClocksFreq)
    i.SVC_Handler                            0x080018a8   Section        0  stm32f10x_it.o(i.SVC_Handler)
    i.Serial2_Init                           0x080018ac   Section        0  serial.o(i.Serial2_Init)
    i.Serial2_SendByte                       0x08001950   Section        0  serial.o(i.Serial2_SendByte)
    i.Serial2_SendString                     0x08001970   Section        0  serial.o(i.Serial2_SendString)
    i.SetSysClock                            0x0800198a   Section        0  system_stm32f10x.o(i.SetSysClock)
    SetSysClock                              0x0800198b   Thumb Code     8  system_stm32f10x.o(i.SetSysClock)
    i.SetSysClockTo72                        0x08001994   Section        0  system_stm32f10x.o(i.SetSysClockTo72)
    SetSysClockTo72                          0x08001995   Thumb Code   214  system_stm32f10x.o(i.SetSysClockTo72)
    i.Set_PWM                                0x08001a74   Section        0  pwm.o(i.Set_PWM)
    i.SysTick_CLKSourceConfig                0x08001af4   Section        0  misc.o(i.SysTick_CLKSourceConfig)
    i.SysTick_Handler                        0x08001b1c   Section        0  stm32f10x_it.o(i.SysTick_Handler)
    i.SystemInit                             0x08001b20   Section        0  system_stm32f10x.o(i.SystemInit)
    i.TIM1_10ms_Init                         0x08001b80   Section        0  timer.o(i.TIM1_10ms_Init)
    i.TIM1_UP_IRQHandler                     0x08001be4   Section        0  control.o(i.TIM1_UP_IRQHandler)
    i.TIM2_IRQHandler                        0x08001c8c   Section        0  encoder.o(i.TIM2_IRQHandler)
    i.TIM4_IRQHandler                        0x08001ca4   Section        0  encoder.o(i.TIM4_IRQHandler)
    i.TIM4_PWM_Init                          0x08001cbc   Section        0  pwm.o(i.TIM4_PWM_Init)
    i.TIM_ARRPreloadConfig                   0x08001d50   Section        0  stm32f10x_tim.o(i.TIM_ARRPreloadConfig)
    i.TIM_ClearITPendingBit                  0x08001d68   Section        0  stm32f10x_tim.o(i.TIM_ClearITPendingBit)
    i.TIM_Cmd                                0x08001d6e   Section        0  stm32f10x_tim.o(i.TIM_Cmd)
    i.TIM_CtrlPWMOutputs                     0x08001d86   Section        0  stm32f10x_tim.o(i.TIM_CtrlPWMOutputs)
    i.TIM_GetITStatus                        0x08001da4   Section        0  stm32f10x_tim.o(i.TIM_GetITStatus)
    i.TIM_ITConfig                           0x08001dc6   Section        0  stm32f10x_tim.o(i.TIM_ITConfig)
    i.TIM_OC3Init                            0x08001dd8   Section        0  stm32f10x_tim.o(i.TIM_OC3Init)
    i.TIM_OC3PreloadConfig                   0x08001e78   Section        0  stm32f10x_tim.o(i.TIM_OC3PreloadConfig)
    i.TIM_OC4Init                            0x08001e8c   Section        0  stm32f10x_tim.o(i.TIM_OC4Init)
    i.TIM_OC4PreloadConfig                   0x08001f08   Section        0  stm32f10x_tim.o(i.TIM_OC4PreloadConfig)
    i.TIM_SetCompare3                        0x08001f22   Section        0  stm32f10x_tim.o(i.TIM_SetCompare3)
    i.TIM_SetCompare4                        0x08001f26   Section        0  stm32f10x_tim.o(i.TIM_SetCompare4)
    i.TIM_TimeBaseInit                       0x08001f2c   Section        0  stm32f10x_tim.o(i.TIM_TimeBaseInit)
    i.USART1_IRQHandler                      0x08001fd0   Section        0  usart.o(i.USART1_IRQHandler)
    i.USART2_IRQHandler                      0x08002058   Section        0  serial.o(i.USART2_IRQHandler)
    i.USART_ClearITPendingBit                0x080021f0   Section        0  stm32f10x_usart.o(i.USART_ClearITPendingBit)
    i.USART_Cmd                              0x0800220e   Section        0  stm32f10x_usart.o(i.USART_Cmd)
    i.USART_GetFlagStatus                    0x08002226   Section        0  stm32f10x_usart.o(i.USART_GetFlagStatus)
    i.USART_GetITStatus                      0x08002240   Section        0  stm32f10x_usart.o(i.USART_GetITStatus)
    i.USART_ITConfig                         0x08002294   Section        0  stm32f10x_usart.o(i.USART_ITConfig)
    i.USART_Init                             0x080022e0   Section        0  stm32f10x_usart.o(i.USART_Init)
    i.USART_ReceiveData                      0x080023b8   Section        0  stm32f10x_usart.o(i.USART_ReceiveData)
    i.USART_SendData                         0x080023c2   Section        0  stm32f10x_usart.o(i.USART_SendData)
    i.UsageFault_Handler                     0x080023ca   Section        0  stm32f10x_it.o(i.UsageFault_Handler)
    i.__0printf                              0x080023d0   Section        0  printfa.o(i.__0printf)
    i.__0sprintf                             0x080023f0   Section        0  printfa.o(i.__0sprintf)
    i.__scatterload_copy                     0x08002418   Section       14  handlers.o(i.__scatterload_copy)
    i.__scatterload_null                     0x08002426   Section        2  handlers.o(i.__scatterload_null)
    i.__scatterload_zeroinit                 0x08002428   Section       14  handlers.o(i.__scatterload_zeroinit)
    i._fp_digits                             0x08002438   Section        0  printfa.o(i._fp_digits)
    _fp_digits                               0x08002439   Thumb Code   366  printfa.o(i._fp_digits)
    i._printf_core                           0x080025bc   Section        0  printfa.o(i._printf_core)
    _printf_core                             0x080025bd   Thumb Code  1744  printfa.o(i._printf_core)
    i._printf_post_padding                   0x08002c98   Section        0  printfa.o(i._printf_post_padding)
    _printf_post_padding                     0x08002c99   Thumb Code    36  printfa.o(i._printf_post_padding)
    i._printf_pre_padding                    0x08002cbc   Section        0  printfa.o(i._printf_pre_padding)
    _printf_pre_padding                      0x08002cbd   Thumb Code    46  printfa.o(i._printf_pre_padding)
    i._sputc                                 0x08002cea   Section        0  printfa.o(i._sputc)
    _sputc                                   0x08002ceb   Thumb Code    10  printfa.o(i._sputc)
    i.adc_Init                               0x08002cf4   Section        0  adc.o(i.adc_Init)
    i.delay_init                             0x08002d80   Section        0  delay.o(i.delay_init)
    i.delay_ms                               0x08002dc4   Section        0  delay.o(i.delay_ms)
    i.delay_us                               0x08002e10   Section        0  delay.o(i.delay_us)
    i.fputc                                  0x08002e5c   Section        0  usart.o(i.fputc)
    i.main                                   0x08002e78   Section        0  main.o(i.main)
    i.uart_init                              0x08002f9c   Section        0  usart.o(i.uart_init)
    .constdata                               0x0800303c   Section     1520  oled.o(.constdata)
    .data                                    0x20000000   Section       44  main.o(.data)
    .data                                    0x2000002c   Section       20  system_stm32f10x.o(.data)
    .data                                    0x20000040   Section       20  stm32f10x_rcc.o(.data)
    APBAHBPrescTable                         0x20000040   Data          16  stm32f10x_rcc.o(.data)
    ADCPrescTable                            0x20000050   Data           4  stm32f10x_rcc.o(.data)
    .data                                    0x20000054   Section        4  delay.o(.data)
    fac_us                                   0x20000054   Data           1  delay.o(.data)
    fac_ms                                   0x20000056   Data           2  delay.o(.data)
    .data                                    0x20000058   Section        6  usart.o(.data)
    .data                                    0x2000005e   Section        8  serial.o(.data)
    RxState                                  0x20000061   Data           1  serial.o(.data)
    i                                        0x20000062   Data           2  serial.o(.data)
    data_len                                 0x20000064   Data           1  serial.o(.data)
    channel                                  0x20000065   Data           1  serial.o(.data)
    .data                                    0x20000068   Section       20  control.o(.data)
    .bss                                     0x2000007c   Section       32  main.o(.bss)
    .bss                                     0x2000009c   Section      200  usart.o(.bss)
    .bss                                     0x20000164   Section      200  serial.o(.bss)
    STACK                                    0x20000230   Section     1024  startup_stm32f10x_md.o(STACK)

    Global Symbols

    Symbol Name                              Value     Ov Type        Size  Object(Section)

    BuildAttributes$$THM_ISAv4$P$D$K$B$S$PE$A:L22UL41UL21$X:L11$S22US41US21$IEEE1$IW$USESV6$~STKCKD$USESV7$~SHL$OTIME$ROPI$EBA8$MICROLIB$REQ8$PRES8$EABIv2 0x00000000   Number         0  anon$$obj.o ABSOLUTE
    __ARM_use_no_argv                        0x00000000   Number         0  main.o ABSOLUTE
    __use_no_errno                           0x00000000   Number         0  useno.o ABSOLUTE
    __use_no_exception_handling              0x00000000   Number         0  useno.o ABSOLUTE
    __use_no_fp                              0x00000000   Number         0  useno.o ABSOLUTE
    __use_no_heap                            0x00000000   Number         0  useno.o ABSOLUTE
    __use_no_heap_region                     0x00000000   Number         0  useno.o ABSOLUTE
    __use_no_semihosting                     0x00000000   Number         0  useno.o ABSOLUTE
    __use_no_semihosting_swi                 0x00000000   Number         0  useno.o ABSOLUTE
    __use_no_signal_handling                 0x00000000   Number         0  useno.o ABSOLUTE
    _printf_a                                0x00000000   Number         0  stubs.o ABSOLUTE
    _printf_c                                0x00000000   Number         0  stubs.o ABSOLUTE
    _printf_charcount                        0x00000000   Number         0  stubs.o ABSOLUTE
    _printf_d                                0x00000000   Number         0  stubs.o ABSOLUTE
    _printf_e                                0x00000000   Number         0  stubs.o ABSOLUTE
    _printf_f                                0x00000000   Number         0  stubs.o ABSOLUTE
    _printf_flags                            0x00000000   Number         0  stubs.o ABSOLUTE
    _printf_fp_dec                           0x00000000   Number         0  stubs.o ABSOLUTE
    _printf_fp_hex                           0x00000000   Number         0  stubs.o ABSOLUTE
    _printf_g                                0x00000000   Number         0  stubs.o ABSOLUTE
    _printf_i                                0x00000000   Number         0  stubs.o ABSOLUTE
    _printf_int_dec                          0x00000000   Number         0  stubs.o ABSOLUTE
    _printf_l                                0x00000000   Number         0  stubs.o ABSOLUTE
    _printf_lc                               0x00000000   Number         0  stubs.o ABSOLUTE
    _printf_ll                               0x00000000   Number         0  stubs.o ABSOLUTE
    _printf_lld                              0x00000000   Number         0  stubs.o ABSOLUTE
    _printf_lli                              0x00000000   Number         0  stubs.o ABSOLUTE
    _printf_llo                              0x00000000   Number         0  stubs.o ABSOLUTE
    _printf_llu                              0x00000000   Number         0  stubs.o ABSOLUTE
    _printf_llx                              0x00000000   Number         0  stubs.o ABSOLUTE
    _printf_longlong_dec                     0x00000000   Number         0  stubs.o ABSOLUTE
    _printf_longlong_hex                     0x00000000   Number         0  stubs.o ABSOLUTE
    _printf_longlong_oct                     0x00000000   Number         0  stubs.o ABSOLUTE
    _printf_ls                               0x00000000   Number         0  stubs.o ABSOLUTE
    _printf_mbtowc                           0x00000000   Number         0  stubs.o ABSOLUTE
    _printf_n                                0x00000000   Number         0  stubs.o ABSOLUTE
    _printf_o                                0x00000000   Number         0  stubs.o ABSOLUTE
    _printf_p                                0x00000000   Number         0  stubs.o ABSOLUTE
    _printf_percent                          0x00000000   Number         0  stubs.o ABSOLUTE
    _printf_pre_padding                      0x00000000   Number         0  stubs.o ABSOLUTE
    _printf_return_value                     0x00000000   Number         0  stubs.o ABSOLUTE
    _printf_s                                0x00000000   Number         0  stubs.o ABSOLUTE
    _printf_sizespec                         0x00000000   Number         0  stubs.o ABSOLUTE
    _printf_str                              0x00000000   Number         0  stubs.o ABSOLUTE
    _printf_truncate_signed                  0x00000000   Number         0  stubs.o ABSOLUTE
    _printf_truncate_unsigned                0x00000000   Number         0  stubs.o ABSOLUTE
    _printf_u                                0x00000000   Number         0  stubs.o ABSOLUTE
    _printf_wc                               0x00000000   Number         0  stubs.o ABSOLUTE
    _printf_wctomb                           0x00000000   Number         0  stubs.o ABSOLUTE
    _printf_widthprec                        0x00000000   Number         0  stubs.o ABSOLUTE
    _printf_x                                0x00000000   Number         0  stubs.o ABSOLUTE
    __cpp_initialize__aeabi_                  - Undefined Weak Reference
    __cxa_finalize                            - Undefined Weak Reference
    __decompress                              - Undefined Weak Reference
    _clock_init                               - Undefined Weak Reference
    _microlib_exit                            - Undefined Weak Reference
    __Vectors_Size                           0x000000ec   Number         0  startup_stm32f10x_md.o ABSOLUTE
    __Vectors                                0x08000000   Data           4  startup_stm32f10x_md.o(RESET)
    __Vectors_End                            0x080000ec   Data           0  startup_stm32f10x_md.o(RESET)
    __main                                   0x080000ed   Thumb Code     0  entry.o(.ARM.Collect$$$$00000000)
    _main_stk                                0x080000ed   Thumb Code     0  entry2.o(.ARM.Collect$$$$00000001)
    _main_scatterload                        0x080000f1   Thumb Code     0  entry5.o(.ARM.Collect$$$$00000004)
    __main_after_scatterload                 0x080000f5   Thumb Code     0  entry5.o(.ARM.Collect$$$$00000004)
    _main_clock                              0x080000f5   Thumb Code     0  entry7b.o(.ARM.Collect$$$$00000008)
    _main_cpp_init                           0x080000f5   Thumb Code     0  entry8b.o(.ARM.Collect$$$$0000000A)
    _main_init                               0x080000f5   Thumb Code     0  entry9a.o(.ARM.Collect$$$$0000000B)
    __rt_final_cpp                           0x080000fd   Thumb Code     0  entry10a.o(.ARM.Collect$$$$0000000D)
    __rt_final_exit                          0x080000fd   Thumb Code     0  entry11a.o(.ARM.Collect$$$$0000000F)
    Reset_Handler                            0x08000101   Thumb Code     8  startup_stm32f10x_md.o(.text)
    ADC1_2_IRQHandler                        0x0800011b   Thumb Code     0  startup_stm32f10x_md.o(.text)
    CAN1_RX1_IRQHandler                      0x0800011b   Thumb Code     0  startup_stm32f10x_md.o(.text)
    CAN1_SCE_IRQHandler                      0x0800011b   Thumb Code     0  startup_stm32f10x_md.o(.text)
    DMA1_Channel1_IRQHandler                 0x0800011b   Thumb Code     0  startup_stm32f10x_md.o(.text)
    DMA1_Channel2_IRQHandler                 0x0800011b   Thumb Code     0  startup_stm32f10x_md.o(.text)
    DMA1_Channel3_IRQHandler                 0x0800011b   Thumb Code     0  startup_stm32f10x_md.o(.text)
    DMA1_Channel4_IRQHandler                 0x0800011b   Thumb Code     0  startup_stm32f10x_md.o(.text)
    DMA1_Channel5_IRQHandler                 0x0800011b   Thumb Code     0  startup_stm32f10x_md.o(.text)
    DMA1_Channel6_IRQHandler                 0x0800011b   Thumb Code     0  startup_stm32f10x_md.o(.text)
    DMA1_Channel7_IRQHandler                 0x0800011b   Thumb Code     0  startup_stm32f10x_md.o(.text)
    EXTI0_IRQHandler                         0x0800011b   Thumb Code     0  startup_stm32f10x_md.o(.text)
    EXTI15_10_IRQHandler                     0x0800011b   Thumb Code     0  startup_stm32f10x_md.o(.text)
    EXTI1_IRQHandler                         0x0800011b   Thumb Code     0  startup_stm32f10x_md.o(.text)
    EXTI2_IRQHandler                         0x0800011b   Thumb Code     0  startup_stm32f10x_md.o(.text)
    EXTI3_IRQHandler                         0x0800011b   Thumb Code     0  startup_stm32f10x_md.o(.text)
    EXTI4_IRQHandler                         0x0800011b   Thumb Code     0  startup_stm32f10x_md.o(.text)
    EXTI9_5_IRQHandler                       0x0800011b   Thumb Code     0  startup_stm32f10x_md.o(.text)
    FLASH_IRQHandler                         0x0800011b   Thumb Code     0  startup_stm32f10x_md.o(.text)
    I2C1_ER_IRQHandler                       0x0800011b   Thumb Code     0  startup_stm32f10x_md.o(.text)
    I2C1_EV_IRQHandler                       0x0800011b   Thumb Code     0  startup_stm32f10x_md.o(.text)
    I2C2_ER_IRQHandler                       0x0800011b   Thumb Code     0  startup_stm32f10x_md.o(.text)
    I2C2_EV_IRQHandler                       0x0800011b   Thumb Code     0  startup_stm32f10x_md.o(.text)
    PVD_IRQHandler                           0x0800011b   Thumb Code     0  startup_stm32f10x_md.o(.text)
    RCC_IRQHandler                           0x0800011b   Thumb Code     0  startup_stm32f10x_md.o(.text)
    RTCAlarm_IRQHandler                      0x0800011b   Thumb Code     0  startup_stm32f10x_md.o(.text)
    RTC_IRQHandler                           0x0800011b   Thumb Code     0  startup_stm32f10x_md.o(.text)
    SPI1_IRQHandler                          0x0800011b   Thumb Code     0  startup_stm32f10x_md.o(.text)
    SPI2_IRQHandler                          0x0800011b   Thumb Code     0  startup_stm32f10x_md.o(.text)
    TAMPER_IRQHandler                        0x0800011b   Thumb Code     0  startup_stm32f10x_md.o(.text)
    TIM1_BRK_IRQHandler                      0x0800011b   Thumb Code     0  startup_stm32f10x_md.o(.text)
    TIM1_CC_IRQHandler                       0x0800011b   Thumb Code     0  startup_stm32f10x_md.o(.text)
    TIM1_TRG_COM_IRQHandler                  0x0800011b   Thumb Code     0  startup_stm32f10x_md.o(.text)
    TIM3_IRQHandler                          0x0800011b   Thumb Code     0  startup_stm32f10x_md.o(.text)
    USART3_IRQHandler                        0x0800011b   Thumb Code     0  startup_stm32f10x_md.o(.text)
    USBWakeUp_IRQHandler                     0x0800011b   Thumb Code     0  startup_stm32f10x_md.o(.text)
    USB_HP_CAN1_TX_IRQHandler                0x0800011b   Thumb Code     0  startup_stm32f10x_md.o(.text)
    USB_LP_CAN1_RX0_IRQHandler               0x0800011b   Thumb Code     0  startup_stm32f10x_md.o(.text)
    WWDG_IRQHandler                          0x0800011b   Thumb Code     0  startup_stm32f10x_md.o(.text)
    strcmp                                   0x08000125   Thumb Code    28  strcmp.o(.text)
    __aeabi_fadd                             0x08000141   Thumb Code   164  fadd.o(.text)
    __aeabi_fsub                             0x080001e5   Thumb Code     6  fadd.o(.text)
    __aeabi_frsub                            0x080001eb   Thumb Code     6  fadd.o(.text)
    __aeabi_fmul                             0x080001f1   Thumb Code   100  fmul.o(.text)
    __aeabi_fdiv                             0x08000255   Thumb Code   124  fdiv.o(.text)
    __aeabi_dmul                             0x080002d1   Thumb Code   228  dmul.o(.text)
    __aeabi_ddiv                             0x080003b5   Thumb Code   222  ddiv.o(.text)
    __aeabi_ui2f                             0x08000493   Thumb Code    10  ffltui.o(.text)
    __aeabi_i2d                              0x0800049d   Thumb Code    34  dflti.o(.text)
    __aeabi_f2uiz                            0x080004bf   Thumb Code    40  ffixui.o(.text)
    __aeabi_f2d                              0x080004e7   Thumb Code    38  f2d.o(.text)
    __aeabi_d2f                              0x0800050d   Thumb Code    56  d2f.o(.text)
    __aeabi_cfcmpeq                          0x08000545   Thumb Code     0  cfcmple.o(.text)
    __aeabi_cfcmple                          0x08000545   Thumb Code    20  cfcmple.o(.text)
    __aeabi_cfrcmple                         0x08000559   Thumb Code    20  cfrcmple.o(.text)
    __aeabi_uidiv                            0x0800056d   Thumb Code     0  uidiv.o(.text)
    __aeabi_uidivmod                         0x0800056d   Thumb Code    44  uidiv.o(.text)
    __aeabi_uldivmod                         0x08000599   Thumb Code    98  uldiv.o(.text)
    __I$use$fp                               0x080005fb   Thumb Code     0  iusefp.o(.text)
    _float_round                             0x080005fb   Thumb Code    18  fepilogue.o(.text)
    _float_epilogue                          0x0800060d   Thumb Code    92  fepilogue.o(.text)
    _double_round                            0x08000669   Thumb Code    30  depilogue.o(.text)
    _double_epilogue                         0x08000687   Thumb Code   156  depilogue.o(.text)
    __aeabi_dadd                             0x08000723   Thumb Code   322  dadd.o(.text)
    __aeabi_dsub                             0x08000865   Thumb Code     6  dadd.o(.text)
    __aeabi_drsub                            0x0800086b   Thumb Code     6  dadd.o(.text)
    __aeabi_d2ulz                            0x08000871   Thumb Code    48  dfixul.o(.text)
    __aeabi_cdrcmple                         0x080008a1   Thumb Code    48  cdrcmple.o(.text)
    __scatterload                            0x080008d1   Thumb Code    28  init.o(.text)
    __scatterload_rt2                        0x080008d1   Thumb Code     0  init.o(.text)
    __aeabi_llsl                             0x080008f5   Thumb Code    30  llshl.o(.text)
    _ll_shift_l                              0x080008f5   Thumb Code     0  llshl.o(.text)
    __aeabi_llsr                             0x08000913   Thumb Code    32  llushr.o(.text)
    _ll_ushift_r                             0x08000913   Thumb Code     0  llushr.o(.text)
    __aeabi_lasr                             0x08000933   Thumb Code    36  llsshr.o(.text)
    _ll_sshift_r                             0x08000933   Thumb Code     0  llsshr.o(.text)
    ADC_Cmd                                  0x08000957   Thumb Code    22  stm32f10x_adc.o(i.ADC_Cmd)
    ADC_DeInit                               0x0800096d   Thumb Code    78  stm32f10x_adc.o(i.ADC_DeInit)
    ADC_GetCalibrationStatus                 0x080009c9   Thumb Code    20  stm32f10x_adc.o(i.ADC_GetCalibrationStatus)
    ADC_GetConversionValue                   0x080009dd   Thumb Code     8  stm32f10x_adc.o(i.ADC_GetConversionValue)
    ADC_GetFlagStatus                        0x080009e5   Thumb Code    18  stm32f10x_adc.o(i.ADC_GetFlagStatus)
    ADC_GetResetCalibrationStatus            0x080009f7   Thumb Code    20  stm32f10x_adc.o(i.ADC_GetResetCalibrationStatus)
    ADC_Init                                 0x08000a0d   Thumb Code    70  stm32f10x_adc.o(i.ADC_Init)
    ADC_RegularChannelConfig                 0x08000a5d   Thumb Code   184  stm32f10x_adc.o(i.ADC_RegularChannelConfig)
    ADC_ResetCalibration                     0x08000b15   Thumb Code    10  stm32f10x_adc.o(i.ADC_ResetCalibration)
    ADC_SoftwareStartConvCmd                 0x08000b1f   Thumb Code    22  stm32f10x_adc.o(i.ADC_SoftwareStartConvCmd)
    ADC_StartCalibration                     0x08000b35   Thumb Code    10  stm32f10x_adc.o(i.ADC_StartCalibration)
    BusFault_Handler                         0x08000b3f   Thumb Code     4  stm32f10x_it.o(i.BusFault_Handler)
    DHT22_Init                               0x08000b7d   Thumb Code     8  dht22.o(i.DHT22_Init)
    DHT22_Read                               0x08000b85   Thumb Code   224  dht22.o(i.DHT22_Read)
    DebugMon_Handler                         0x08000d09   Thumb Code     2  stm32f10x_it.o(i.DebugMon_Handler)
    Display_Data                             0x08000d0d   Thumb Code   186  main.o(i.Display_Data)
    ESP8266_ClearRxFlag                      0x08000e11   Thumb Code     8  esp8266.o(i.ESP8266_ClearRxFlag)
    ESP8266_GetRxBuffer                      0x08000e1d   Thumb Code     4  esp8266.o(i.ESP8266_GetRxBuffer)
    ESP8266_GetRxFlag                        0x08000e25   Thumb Code     6  esp8266.o(i.ESP8266_GetRxFlag)
    ESP8266_Init                             0x08000e31   Thumb Code    50  esp8266.o(i.ESP8266_Init)
    GPIO_Init                                0x08000eb1   Thumb Code   278  stm32f10x_gpio.o(i.GPIO_Init)
    GPIO_ReadInputDataBit                    0x08000fc7   Thumb Code    18  stm32f10x_gpio.o(i.GPIO_ReadInputDataBit)
    GPIO_ResetBits                           0x08000fd9   Thumb Code     4  stm32f10x_gpio.o(i.GPIO_ResetBits)
    GPIO_SetBits                             0x08000fdd   Thumb Code     4  stm32f10x_gpio.o(i.GPIO_SetBits)
    GPIO_WriteBit                            0x08000fe1   Thumb Code    10  stm32f10x_gpio.o(i.GPIO_WriteBit)
    Get_adc                                  0x08000fed   Thumb Code    46  adc.o(i.Get_adc)
    Get_adc_Average                          0x08001021   Thumb Code    46  adc.o(i.Get_adc_Average)
    Gpio_Init                                0x08001051   Thumb Code    40  gpio.o(i.Gpio_Init)
    HardFault_Handler                        0x0800107d   Thumb Code     4  stm32f10x_it.o(i.HardFault_Handler)
    MemManage_Handler                        0x08001081   Thumb Code     4  stm32f10x_it.o(i.MemManage_Handler)
    Motor_SetSpeed                           0x08001085   Thumb Code   112  control.o(i.Motor_SetSpeed)
    NMI_Handler                              0x08001105   Thumb Code     2  stm32f10x_it.o(i.NMI_Handler)
    NVIC_Init                                0x08001109   Thumb Code   100  misc.o(i.NVIC_Init)
    NVIC_PriorityGroupConfig                 0x08001179   Thumb Code    10  misc.o(i.NVIC_PriorityGroupConfig)
    OLED_Clear                               0x0800118d   Thumb Code    42  oled.o(i.OLED_Clear)
    OLED_I2C_Init                            0x080011b9   Thumb Code    76  oled.o(i.OLED_I2C_Init)
    OLED_I2C_SendByte                        0x08001209   Thumb Code    88  oled.o(i.OLED_I2C_SendByte)
    OLED_I2C_Start                           0x08001265   Thumb Code    48  oled.o(i.OLED_I2C_Start)
    OLED_I2C_Stop                            0x08001299   Thumb Code    36  oled.o(i.OLED_I2C_Stop)
    OLED_Init                                0x080012c1   Thumb Code   174  oled.o(i.OLED_Init)
    OLED_SetCursor                           0x0800136f   Thumb Code    34  oled.o(i.OLED_SetCursor)
    OLED_ShowChar                            0x08001391   Thumb Code   110  oled.o(i.OLED_ShowChar)
    OLED_ShowString                          0x08001405   Thumb Code    40  oled.o(i.OLED_ShowString)
    OLED_WriteCommand                        0x0800142d   Thumb Code    32  oled.o(i.OLED_WriteCommand)
    OLED_WriteData                           0x0800144d   Thumb Code    32  oled.o(i.OLED_WriteData)
    PWM_Int                                  0x0800146d   Thumb Code   156  pwm.o(i.PWM_Int)
    Parse_Command                            0x08001511   Thumb Code   376  control.o(i.Parse_Command)
    PendSV_Handler                           0x08001759   Thumb Code     2  stm32f10x_it.o(i.PendSV_Handler)
    RCC_ADCCLKConfig                         0x0800175d   Thumb Code    18  stm32f10x_rcc.o(i.RCC_ADCCLKConfig)
    RCC_APB1PeriphClockCmd                   0x08001775   Thumb Code    26  stm32f10x_rcc.o(i.RCC_APB1PeriphClockCmd)
    RCC_APB2PeriphClockCmd                   0x08001795   Thumb Code    26  stm32f10x_rcc.o(i.RCC_APB2PeriphClockCmd)
    RCC_APB2PeriphResetCmd                   0x080017b5   Thumb Code    26  stm32f10x_rcc.o(i.RCC_APB2PeriphResetCmd)
    RCC_GetClocksFreq                        0x080017d5   Thumb Code   192  stm32f10x_rcc.o(i.RCC_GetClocksFreq)
    SVC_Handler                              0x080018a9   Thumb Code     2  stm32f10x_it.o(i.SVC_Handler)
    Serial2_Init                             0x080018ad   Thumb Code   156  serial.o(i.Serial2_Init)
    Serial2_SendByte                         0x08001951   Thumb Code    28  serial.o(i.Serial2_SendByte)
    Serial2_SendString                       0x08001971   Thumb Code    26  serial.o(i.Serial2_SendString)
    Set_PWM                                  0x08001a75   Thumb Code   120  pwm.o(i.Set_PWM)
    SysTick_CLKSourceConfig                  0x08001af5   Thumb Code    40  misc.o(i.SysTick_CLKSourceConfig)
    SysTick_Handler                          0x08001b1d   Thumb Code     2  stm32f10x_it.o(i.SysTick_Handler)
    SystemInit                               0x08001b21   Thumb Code    78  system_stm32f10x.o(i.SystemInit)
    TIM1_10ms_Init                           0x08001b81   Thumb Code    96  timer.o(i.TIM1_10ms_Init)
    TIM1_UP_IRQHandler                       0x08001be5   Thumb Code   150  control.o(i.TIM1_UP_IRQHandler)
    TIM2_IRQHandler                          0x08001c8d   Thumb Code    24  encoder.o(i.TIM2_IRQHandler)
    TIM4_IRQHandler                          0x08001ca5   Thumb Code    18  encoder.o(i.TIM4_IRQHandler)
    TIM4_PWM_Init                            0x08001cbd   Thumb Code   138  pwm.o(i.TIM4_PWM_Init)
    TIM_ARRPreloadConfig                     0x08001d51   Thumb Code    24  stm32f10x_tim.o(i.TIM_ARRPreloadConfig)
    TIM_ClearITPendingBit                    0x08001d69   Thumb Code     6  stm32f10x_tim.o(i.TIM_ClearITPendingBit)
    TIM_Cmd                                  0x08001d6f   Thumb Code    24  stm32f10x_tim.o(i.TIM_Cmd)
    TIM_CtrlPWMOutputs                       0x08001d87   Thumb Code    30  stm32f10x_tim.o(i.TIM_CtrlPWMOutputs)
    TIM_GetITStatus                          0x08001da5   Thumb Code    34  stm32f10x_tim.o(i.TIM_GetITStatus)
    TIM_ITConfig                             0x08001dc7   Thumb Code    18  stm32f10x_tim.o(i.TIM_ITConfig)
    TIM_OC3Init                              0x08001dd9   Thumb Code   150  stm32f10x_tim.o(i.TIM_OC3Init)
    TIM_OC3PreloadConfig                     0x08001e79   Thumb Code    18  stm32f10x_tim.o(i.TIM_OC3PreloadConfig)
    TIM_OC4Init                              0x08001e8d   Thumb Code   114  stm32f10x_tim.o(i.TIM_OC4Init)
    TIM_OC4PreloadConfig                     0x08001f09   Thumb Code    26  stm32f10x_tim.o(i.TIM_OC4PreloadConfig)
    TIM_SetCompare3                          0x08001f23   Thumb Code     4  stm32f10x_tim.o(i.TIM_SetCompare3)
    TIM_SetCompare4                          0x08001f27   Thumb Code     6  stm32f10x_tim.o(i.TIM_SetCompare4)
    TIM_TimeBaseInit                         0x08001f2d   Thumb Code   122  stm32f10x_tim.o(i.TIM_TimeBaseInit)
    USART1_IRQHandler                        0x08001fd1   Thumb Code   122  usart.o(i.USART1_IRQHandler)
    USART2_IRQHandler                        0x08002059   Thumb Code   376  serial.o(i.USART2_IRQHandler)
    USART_ClearITPendingBit                  0x080021f1   Thumb Code    30  stm32f10x_usart.o(i.USART_ClearITPendingBit)
    USART_Cmd                                0x0800220f   Thumb Code    24  stm32f10x_usart.o(i.USART_Cmd)
    USART_GetFlagStatus                      0x08002227   Thumb Code    26  stm32f10x_usart.o(i.USART_GetFlagStatus)
    USART_GetITStatus                        0x08002241   Thumb Code    84  stm32f10x_usart.o(i.USART_GetITStatus)
    USART_ITConfig                           0x08002295   Thumb Code    74  stm32f10x_usart.o(i.USART_ITConfig)
    USART_Init                               0x080022e1   Thumb Code   210  stm32f10x_usart.o(i.USART_Init)
    USART_ReceiveData                        0x080023b9   Thumb Code    10  stm32f10x_usart.o(i.USART_ReceiveData)
    USART_SendData                           0x080023c3   Thumb Code     8  stm32f10x_usart.o(i.USART_SendData)
    UsageFault_Handler                       0x080023cb   Thumb Code     4  stm32f10x_it.o(i.UsageFault_Handler)
    __0printf                                0x080023d1   Thumb Code    22  printfa.o(i.__0printf)
    __1printf                                0x080023d1   Thumb Code     0  printfa.o(i.__0printf)
    __2printf                                0x080023d1   Thumb Code     0  printfa.o(i.__0printf)
    __c89printf                              0x080023d1   Thumb Code     0  printfa.o(i.__0printf)
    printf                                   0x080023d1   Thumb Code     0  printfa.o(i.__0printf)
    __0sprintf                               0x080023f1   Thumb Code    34  printfa.o(i.__0sprintf)
    __1sprintf                               0x080023f1   Thumb Code     0  printfa.o(i.__0sprintf)
    __2sprintf                               0x080023f1   Thumb Code     0  printfa.o(i.__0sprintf)
    __c89sprintf                             0x080023f1   Thumb Code     0  printfa.o(i.__0sprintf)
    sprintf                                  0x080023f1   Thumb Code     0  printfa.o(i.__0sprintf)
    __scatterload_copy                       0x08002419   Thumb Code    14  handlers.o(i.__scatterload_copy)
    __scatterload_null                       0x08002427   Thumb Code     2  handlers.o(i.__scatterload_null)
    __scatterload_zeroinit                   0x08002429   Thumb Code    14  handlers.o(i.__scatterload_zeroinit)
    adc_Init                                 0x08002cf5   Thumb Code   132  adc.o(i.adc_Init)
    delay_init                               0x08002d81   Thumb Code    50  delay.o(i.delay_init)
    delay_ms                                 0x08002dc5   Thumb Code    72  delay.o(i.delay_ms)
    delay_us                                 0x08002e11   Thumb Code    72  delay.o(i.delay_us)
    fputc                                    0x08002e5d   Thumb Code    24  usart.o(i.fputc)
    main                                     0x08002e79   Thumb Code   226  main.o(i.main)
    uart_init                                0x08002f9d   Thumb Code   152  usart.o(i.uart_init)
    OLED_F8x16                               0x0800303c   Data        1520  oled.o(.constdata)
    Region$$Table$$Base                      0x0800362c   Number         0  anon$$obj.o(Region$$Table)
    Region$$Table$$Limit                     0x0800364c   Number         0  anon$$obj.o(Region$$Table)
    TargetVelocity_A                         0x20000000   Data           4  main.o(.data)
    TargetVelocity_B                         0x20000004   Data           4  main.o(.data)
    Velcity_Kp                               0x20000008   Data           4  main.o(.data)
    Velcity_Ki                               0x2000000c   Data           4  main.o(.data)
    Velcity_Kd                               0x20000010   Data           4  main.o(.data)
    encoder_A                                0x20000014   Data           4  main.o(.data)
    encoder_B                                0x20000018   Data           4  main.o(.data)
    adcx                                     0x2000001c   Data           2  main.o(.data)
    vcc                                      0x20000020   Data           4  main.o(.data)
    dht22_data                               0x20000024   Data           8  main.o(.data)
    SystemCoreClock                          0x2000002c   Data           4  system_stm32f10x.o(.data)
    AHBPrescTable                            0x20000030   Data          16  system_stm32f10x.o(.data)
    __stdout                                 0x20000058   Data           4  usart.o(.data)
    USART_RX_STA                             0x2000005c   Data           2  usart.o(.data)
    ESP8266_RxLength                         0x2000005e   Data           2  serial.o(.data)
    ESP8266_RxFlag                           0x20000060   Data           1  serial.o(.data)
    servo_pwm                                0x20000068   Data           2  control.o(.data)
    servo_direction                          0x2000006a   Data           1  control.o(.data)
    wheel_pwm_value                          0x2000006c   Data           2  control.o(.data)
    wheel_direction                          0x2000006e   Data           1  control.o(.data)
    cutter_enable                            0x2000006f   Data           1  control.o(.data)
    cutter_speed_level                       0x20000070   Data           1  control.o(.data)
    Velocity_PWMA                            0x20000074   Data           4  control.o(.data)
    Velocity_PWMB                            0x20000078   Data           4  control.o(.data)
    display_str                              0x2000007c   Data          32  main.o(.bss)
    USART_RX_BUF                             0x2000009c   Data         200  usart.o(.bss)
    ESP8266_RxBuffer                         0x20000164   Data         200  serial.o(.bss)
    __initial_sp                             0x20000630   Data           0  startup_stm32f10x_md.o(STACK)



==============================================================================

Memory Map of the image

  Image Entry point : 0x080000ed

  Load Region LR_IROM1 (Base: 0x08000000, Size: 0x000036c8, Max: 0x00010000, ABSOLUTE)

    Execution Region ER_IROM1 (Exec base: 0x08000000, Load base: 0x08000000, Size: 0x0000364c, Max: 0x00010000, ABSOLUTE)

    Exec Addr    Load Addr    Size         Type   Attr      Idx    E Section Name        Object

    0x08000000   0x08000000   0x000000ec   Data   RO          259    RESET               startup_stm32f10x_md.o
    0x080000ec   0x080000ec   0x00000000   Code   RO         3779  * .ARM.Collect$$$$00000000  mc_w.l(entry.o)
    0x080000ec   0x080000ec   0x00000004   Code   RO         4075    .ARM.Collect$$$$00000001  mc_w.l(entry2.o)
    0x080000f0   0x080000f0   0x00000004   Code   RO         4078    .ARM.Collect$$$$00000004  mc_w.l(entry5.o)
    0x080000f4   0x080000f4   0x00000000   Code   RO         4080    .ARM.Collect$$$$00000008  mc_w.l(entry7b.o)
    0x080000f4   0x080000f4   0x00000000   Code   RO         4082    .ARM.Collect$$$$0000000A  mc_w.l(entry8b.o)
    0x080000f4   0x080000f4   0x00000008   Code   RO         4083    .ARM.Collect$$$$0000000B  mc_w.l(entry9a.o)
    0x080000fc   0x080000fc   0x00000000   Code   RO         4085    .ARM.Collect$$$$0000000D  mc_w.l(entry10a.o)
    0x080000fc   0x080000fc   0x00000000   Code   RO         4087    .ARM.Collect$$$$0000000F  mc_w.l(entry11a.o)
    0x080000fc   0x080000fc   0x00000004   Code   RO         4076    .ARM.Collect$$$$00002712  mc_w.l(entry2.o)
    0x08000100   0x08000100   0x00000024   Code   RO          260    .text               startup_stm32f10x_md.o
    0x08000124   0x08000124   0x0000001c   Code   RO         3784    .text               mc_w.l(strcmp.o)
    0x08000140   0x08000140   0x000000b0   Code   RO         4047    .text               mf_w.l(fadd.o)
    0x080001f0   0x080001f0   0x00000064   Code   RO         4049    .text               mf_w.l(fmul.o)
    0x08000254   0x08000254   0x0000007c   Code   RO         4051    .text               mf_w.l(fdiv.o)
    0x080002d0   0x080002d0   0x000000e4   Code   RO         4053    .text               mf_w.l(dmul.o)
    0x080003b4   0x080003b4   0x000000de   Code   RO         4055    .text               mf_w.l(ddiv.o)
    0x08000492   0x08000492   0x0000000a   Code   RO         4059    .text               mf_w.l(ffltui.o)
    0x0800049c   0x0800049c   0x00000022   Code   RO         4061    .text               mf_w.l(dflti.o)
    0x080004be   0x080004be   0x00000028   Code   RO         4065    .text               mf_w.l(ffixui.o)
    0x080004e6   0x080004e6   0x00000026   Code   RO         4067    .text               mf_w.l(f2d.o)
    0x0800050c   0x0800050c   0x00000038   Code   RO         4069    .text               mf_w.l(d2f.o)
    0x08000544   0x08000544   0x00000014   Code   RO         4071    .text               mf_w.l(cfcmple.o)
    0x08000558   0x08000558   0x00000014   Code   RO         4073    .text               mf_w.l(cfrcmple.o)
    0x0800056c   0x0800056c   0x0000002c   Code   RO         4089    .text               mc_w.l(uidiv.o)
    0x08000598   0x08000598   0x00000062   Code   RO         4091    .text               mc_w.l(uldiv.o)
    0x080005fa   0x080005fa   0x00000000   Code   RO         4093    .text               mc_w.l(iusefp.o)
    0x080005fa   0x080005fa   0x0000006e   Code   RO         4094    .text               mf_w.l(fepilogue.o)
    0x08000668   0x08000668   0x000000ba   Code   RO         4096    .text               mf_w.l(depilogue.o)
    0x08000722   0x08000722   0x0000014e   Code   RO         4098    .text               mf_w.l(dadd.o)
    0x08000870   0x08000870   0x00000030   Code   RO         4100    .text               mf_w.l(dfixul.o)
    0x080008a0   0x080008a0   0x00000030   Code   RO         4102    .text               mf_w.l(cdrcmple.o)
    0x080008d0   0x080008d0   0x00000024   Code   RO         4104    .text               mc_w.l(init.o)
    0x080008f4   0x080008f4   0x0000001e   Code   RO         4106    .text               mc_w.l(llshl.o)
    0x08000912   0x08000912   0x00000020   Code   RO         4108    .text               mc_w.l(llushr.o)
    0x08000932   0x08000932   0x00000024   Code   RO         4110    .text               mc_w.l(llsshr.o)
    0x08000956   0x08000956   0x00000016   Code   RO          343    i.ADC_Cmd           stm32f10x_adc.o
    0x0800096c   0x0800096c   0x0000005c   Code   RO          345    i.ADC_DeInit        stm32f10x_adc.o
    0x080009c8   0x080009c8   0x00000014   Code   RO          351    i.ADC_GetCalibrationStatus  stm32f10x_adc.o
    0x080009dc   0x080009dc   0x00000008   Code   RO          352    i.ADC_GetConversionValue  stm32f10x_adc.o
    0x080009e4   0x080009e4   0x00000012   Code   RO          354    i.ADC_GetFlagStatus  stm32f10x_adc.o
    0x080009f6   0x080009f6   0x00000014   Code   RO          357    i.ADC_GetResetCalibrationStatus  stm32f10x_adc.o
    0x08000a0a   0x08000a0a   0x00000002   PAD
    0x08000a0c   0x08000a0c   0x00000050   Code   RO          361    i.ADC_Init          stm32f10x_adc.o
    0x08000a5c   0x08000a5c   0x000000b8   Code   RO          365    i.ADC_RegularChannelConfig  stm32f10x_adc.o
    0x08000b14   0x08000b14   0x0000000a   Code   RO          366    i.ADC_ResetCalibration  stm32f10x_adc.o
    0x08000b1e   0x08000b1e   0x00000016   Code   RO          368    i.ADC_SoftwareStartConvCmd  stm32f10x_adc.o
    0x08000b34   0x08000b34   0x0000000a   Code   RO          370    i.ADC_StartCalibration  stm32f10x_adc.o
    0x08000b3e   0x08000b3e   0x00000004   Code   RO          160    i.BusFault_Handler  stm32f10x_it.o
    0x08000b42   0x08000b42   0x00000002   PAD
    0x08000b44   0x08000b44   0x00000038   Code   RO         3622    i.DHT22_GPIO_Config  dht22.o
    0x08000b7c   0x08000b7c   0x00000008   Code   RO         3623    i.DHT22_Init        dht22.o
    0x08000b84   0x08000b84   0x000000e8   Code   RO         3624    i.DHT22_Read        dht22.o
    0x08000c6c   0x08000c6c   0x00000058   Code   RO         3625    i.DHT22_Read_Byte   dht22.o
    0x08000cc4   0x08000cc4   0x00000020   Code   RO         3626    i.DHT22_Set_Input   dht22.o
    0x08000ce4   0x08000ce4   0x00000024   Code   RO         3627    i.DHT22_Set_Output  dht22.o
    0x08000d08   0x08000d08   0x00000002   Code   RO          161    i.DebugMon_Handler  stm32f10x_it.o
    0x08000d0a   0x08000d0a   0x00000002   PAD
    0x08000d0c   0x08000d0c   0x00000104   Code   RO            1    i.Display_Data      main.o
    0x08000e10   0x08000e10   0x0000000c   Code   RO         3660    i.ESP8266_ClearRxFlag  esp8266.o
    0x08000e1c   0x08000e1c   0x00000008   Code   RO         3661    i.ESP8266_GetRxBuffer  esp8266.o
    0x08000e24   0x08000e24   0x0000000c   Code   RO         3662    i.ESP8266_GetRxFlag  esp8266.o
    0x08000e30   0x08000e30   0x00000080   Code   RO         3664    i.ESP8266_Init      esp8266.o
    0x08000eb0   0x08000eb0   0x00000116   Code   RO         1452    i.GPIO_Init         stm32f10x_gpio.o
    0x08000fc6   0x08000fc6   0x00000012   Code   RO         1456    i.GPIO_ReadInputDataBit  stm32f10x_gpio.o
    0x08000fd8   0x08000fd8   0x00000004   Code   RO         1459    i.GPIO_ResetBits    stm32f10x_gpio.o
    0x08000fdc   0x08000fdc   0x00000004   Code   RO         1460    i.GPIO_SetBits      stm32f10x_gpio.o
    0x08000fe0   0x08000fe0   0x0000000a   Code   RO         1463    i.GPIO_WriteBit     stm32f10x_gpio.o
    0x08000fea   0x08000fea   0x00000002   PAD
    0x08000fec   0x08000fec   0x00000034   Code   RO         3473    i.Get_adc           adc.o
    0x08001020   0x08001020   0x0000002e   Code   RO         3474    i.Get_adc_Average   adc.o
    0x0800104e   0x0800104e   0x00000002   PAD
    0x08001050   0x08001050   0x0000002c   Code   RO         3425    i.Gpio_Init         gpio.o
    0x0800107c   0x0800107c   0x00000004   Code   RO          162    i.HardFault_Handler  stm32f10x_it.o
    0x08001080   0x08001080   0x00000004   Code   RO          163    i.MemManage_Handler  stm32f10x_it.o
    0x08001084   0x08001084   0x00000080   Code   RO         3749    i.Motor_SetSpeed    control.o
    0x08001104   0x08001104   0x00000002   Code   RO          164    i.NMI_Handler       stm32f10x_it.o
    0x08001106   0x08001106   0x00000002   PAD
    0x08001108   0x08001108   0x00000070   Code   RO          275    i.NVIC_Init         misc.o
    0x08001178   0x08001178   0x00000014   Code   RO          276    i.NVIC_PriorityGroupConfig  misc.o
    0x0800118c   0x0800118c   0x0000002a   Code   RO         3514    i.OLED_Clear        oled.o
    0x080011b6   0x080011b6   0x00000002   PAD
    0x080011b8   0x080011b8   0x00000050   Code   RO         3515    i.OLED_I2C_Init     oled.o
    0x08001208   0x08001208   0x0000005c   Code   RO         3516    i.OLED_I2C_SendByte  oled.o
    0x08001264   0x08001264   0x00000034   Code   RO         3517    i.OLED_I2C_Start    oled.o
    0x08001298   0x08001298   0x00000028   Code   RO         3518    i.OLED_I2C_Stop     oled.o
    0x080012c0   0x080012c0   0x000000ae   Code   RO         3519    i.OLED_Init         oled.o
    0x0800136e   0x0800136e   0x00000022   Code   RO         3521    i.OLED_SetCursor    oled.o
    0x08001390   0x08001390   0x00000074   Code   RO         3523    i.OLED_ShowChar     oled.o
    0x08001404   0x08001404   0x00000028   Code   RO         3527    i.OLED_ShowString   oled.o
    0x0800142c   0x0800142c   0x00000020   Code   RO         3528    i.OLED_WriteCommand  oled.o
    0x0800144c   0x0800144c   0x00000020   Code   RO         3529    i.OLED_WriteData    oled.o
    0x0800146c   0x0800146c   0x000000a4   Code   RO         3401    i.PWM_Int           pwm.o
    0x08001510   0x08001510   0x00000248   Code   RO         3750    i.Parse_Command     control.o
    0x08001758   0x08001758   0x00000002   Code   RO          165    i.PendSV_Handler    stm32f10x_it.o
    0x0800175a   0x0800175a   0x00000002   PAD
    0x0800175c   0x0800175c   0x00000018   Code   RO         1866    i.RCC_ADCCLKConfig  stm32f10x_rcc.o
    0x08001774   0x08001774   0x00000020   Code   RO         1868    i.RCC_APB1PeriphClockCmd  stm32f10x_rcc.o
    0x08001794   0x08001794   0x00000020   Code   RO         1870    i.RCC_APB2PeriphClockCmd  stm32f10x_rcc.o
    0x080017b4   0x080017b4   0x00000020   Code   RO         1871    i.RCC_APB2PeriphResetCmd  stm32f10x_rcc.o
    0x080017d4   0x080017d4   0x000000d4   Code   RO         1878    i.RCC_GetClocksFreq  stm32f10x_rcc.o
    0x080018a8   0x080018a8   0x00000002   Code   RO          166    i.SVC_Handler       stm32f10x_it.o
    0x080018aa   0x080018aa   0x00000002   PAD
    0x080018ac   0x080018ac   0x000000a4   Code   RO         3705    i.Serial2_Init      serial.o
    0x08001950   0x08001950   0x00000020   Code   RO         3706    i.Serial2_SendByte  serial.o
    0x08001970   0x08001970   0x0000001a   Code   RO         3707    i.Serial2_SendString  serial.o
    0x0800198a   0x0800198a   0x00000008   Code   RO          223    i.SetSysClock       system_stm32f10x.o
    0x08001992   0x08001992   0x00000002   PAD
    0x08001994   0x08001994   0x000000e0   Code   RO          224    i.SetSysClockTo72   system_stm32f10x.o
    0x08001a74   0x08001a74   0x00000080   Code   RO         3402    i.Set_PWM           pwm.o
    0x08001af4   0x08001af4   0x00000028   Code   RO          279    i.SysTick_CLKSourceConfig  misc.o
    0x08001b1c   0x08001b1c   0x00000002   Code   RO          167    i.SysTick_Handler   stm32f10x_it.o
    0x08001b1e   0x08001b1e   0x00000002   PAD
    0x08001b20   0x08001b20   0x00000060   Code   RO          226    i.SystemInit        system_stm32f10x.o
    0x08001b80   0x08001b80   0x00000064   Code   RO         3501    i.TIM1_10ms_Init    timer.o
    0x08001be4   0x08001be4   0x000000a8   Code   RO         3751    i.TIM1_UP_IRQHandler  control.o
    0x08001c8c   0x08001c8c   0x00000018   Code   RO         3440    i.TIM2_IRQHandler   encoder.o
    0x08001ca4   0x08001ca4   0x00000018   Code   RO         3441    i.TIM4_IRQHandler   encoder.o
    0x08001cbc   0x08001cbc   0x00000094   Code   RO         3403    i.TIM4_PWM_Init     pwm.o
    0x08001d50   0x08001d50   0x00000018   Code   RO         2490    i.TIM_ARRPreloadConfig  stm32f10x_tim.o
    0x08001d68   0x08001d68   0x00000006   Code   RO         2497    i.TIM_ClearITPendingBit  stm32f10x_tim.o
    0x08001d6e   0x08001d6e   0x00000018   Code   RO         2502    i.TIM_Cmd           stm32f10x_tim.o
    0x08001d86   0x08001d86   0x0000001e   Code   RO         2504    i.TIM_CtrlPWMOutputs  stm32f10x_tim.o
    0x08001da4   0x08001da4   0x00000022   Code   RO         2523    i.TIM_GetITStatus   stm32f10x_tim.o
    0x08001dc6   0x08001dc6   0x00000012   Code   RO         2527    i.TIM_ITConfig      stm32f10x_tim.o
    0x08001dd8   0x08001dd8   0x000000a0   Code   RO         2541    i.TIM_OC3Init       stm32f10x_tim.o
    0x08001e78   0x08001e78   0x00000012   Code   RO         2544    i.TIM_OC3PreloadConfig  stm32f10x_tim.o
    0x08001e8a   0x08001e8a   0x00000002   PAD
    0x08001e8c   0x08001e8c   0x0000007c   Code   RO         2546    i.TIM_OC4Init       stm32f10x_tim.o
    0x08001f08   0x08001f08   0x0000001a   Code   RO         2548    i.TIM_OC4PreloadConfig  stm32f10x_tim.o
    0x08001f22   0x08001f22   0x00000004   Code   RO         2565    i.TIM_SetCompare3   stm32f10x_tim.o
    0x08001f26   0x08001f26   0x00000006   Code   RO         2566    i.TIM_SetCompare4   stm32f10x_tim.o
    0x08001f2c   0x08001f2c   0x000000a4   Code   RO         2573    i.TIM_TimeBaseInit  stm32f10x_tim.o
    0x08001fd0   0x08001fd0   0x00000088   Code   RO         3322    i.USART1_IRQHandler  usart.o
    0x08002058   0x08002058   0x00000198   Code   RO         3708    i.USART2_IRQHandler  serial.o
    0x080021f0   0x080021f0   0x0000001e   Code   RO         3035    i.USART_ClearITPendingBit  stm32f10x_usart.o
    0x0800220e   0x0800220e   0x00000018   Code   RO         3038    i.USART_Cmd         stm32f10x_usart.o
    0x08002226   0x08002226   0x0000001a   Code   RO         3041    i.USART_GetFlagStatus  stm32f10x_usart.o
    0x08002240   0x08002240   0x00000054   Code   RO         3042    i.USART_GetITStatus  stm32f10x_usart.o
    0x08002294   0x08002294   0x0000004a   Code   RO         3044    i.USART_ITConfig    stm32f10x_usart.o
    0x080022de   0x080022de   0x00000002   PAD
    0x080022e0   0x080022e0   0x000000d8   Code   RO         3045    i.USART_Init        stm32f10x_usart.o
    0x080023b8   0x080023b8   0x0000000a   Code   RO         3052    i.USART_ReceiveData  stm32f10x_usart.o
    0x080023c2   0x080023c2   0x00000008   Code   RO         3055    i.USART_SendData    stm32f10x_usart.o
    0x080023ca   0x080023ca   0x00000004   Code   RO          168    i.UsageFault_Handler  stm32f10x_it.o
    0x080023ce   0x080023ce   0x00000002   PAD
    0x080023d0   0x080023d0   0x00000020   Code   RO         4019    i.__0printf         mc_w.l(printfa.o)
    0x080023f0   0x080023f0   0x00000028   Code   RO         4021    i.__0sprintf        mc_w.l(printfa.o)
    0x08002418   0x08002418   0x0000000e   Code   RO         4114    i.__scatterload_copy  mc_w.l(handlers.o)
    0x08002426   0x08002426   0x00000002   Code   RO         4115    i.__scatterload_null  mc_w.l(handlers.o)
    0x08002428   0x08002428   0x0000000e   Code   RO         4116    i.__scatterload_zeroinit  mc_w.l(handlers.o)
    0x08002436   0x08002436   0x00000002   PAD
    0x08002438   0x08002438   0x00000184   Code   RO         4026    i._fp_digits        mc_w.l(printfa.o)
    0x080025bc   0x080025bc   0x000006dc   Code   RO         4027    i._printf_core      mc_w.l(printfa.o)
    0x08002c98   0x08002c98   0x00000024   Code   RO         4028    i._printf_post_padding  mc_w.l(printfa.o)
    0x08002cbc   0x08002cbc   0x0000002e   Code   RO         4029    i._printf_pre_padding  mc_w.l(printfa.o)
    0x08002cea   0x08002cea   0x0000000a   Code   RO         4031    i._sputc            mc_w.l(printfa.o)
    0x08002cf4   0x08002cf4   0x0000008c   Code   RO         3475    i.adc_Init          adc.o
    0x08002d80   0x08002d80   0x00000044   Code   RO         3268    i.delay_init        delay.o
    0x08002dc4   0x08002dc4   0x0000004c   Code   RO         3269    i.delay_ms          delay.o
    0x08002e10   0x08002e10   0x0000004c   Code   RO         3270    i.delay_us          delay.o
    0x08002e5c   0x08002e5c   0x0000001c   Code   RO         3326    i.fputc             usart.o
    0x08002e78   0x08002e78   0x00000124   Code   RO            2    i.main              main.o
    0x08002f9c   0x08002f9c   0x000000a0   Code   RO         3327    i.uart_init         usart.o
    0x0800303c   0x0800303c   0x000005f0   Data   RO         3530    .constdata          oled.o
    0x0800362c   0x0800362c   0x00000020   Data   RO         4112    Region$$Table       anon$$obj.o


    Execution Region RW_IRAM1 (Exec base: 0x20000000, Load base: 0x0800364c, Size: 0x00000630, Max: 0x00005000, ABSOLUTE)

    Exec Addr    Load Addr    Size         Type   Attr      Idx    E Section Name        Object

    0x20000000   0x0800364c   0x0000002c   Data   RW            4    .data               main.o
    0x2000002c   0x08003678   0x00000014   Data   RW          227    .data               system_stm32f10x.o
    0x20000040   0x0800368c   0x00000014   Data   RW         1898    .data               stm32f10x_rcc.o
    0x20000054   0x080036a0   0x00000004   Data   RW         3271    .data               delay.o
    0x20000058   0x080036a4   0x00000006   Data   RW         3329    .data               usart.o
    0x2000005e   0x080036aa   0x00000008   Data   RW         3710    .data               serial.o
    0x20000066   0x080036b2   0x00000002   PAD
    0x20000068   0x080036b4   0x00000014   Data   RW         3752    .data               control.o
    0x2000007c        -       0x00000020   Zero   RW            3    .bss                main.o
    0x2000009c        -       0x000000c8   Zero   RW         3328    .bss                usart.o
    0x20000164        -       0x000000c8   Zero   RW         3709    .bss                serial.o
    0x2000022c   0x080036c8   0x00000004   PAD
    0x20000230        -       0x00000400   Zero   RW          257    STACK               startup_stm32f10x_md.o


==============================================================================

Image component sizes


      Code (inc. data)   RO Data    RW Data    ZI Data      Debug   Object Name

       238         14          0          0          0       1895   adc.o
       880        248          0         20          0       2695   control.o
       220         26          0          4          0       1895   delay.o
       452         28          0          0          0       3726   dht22.o
        48          6          0          0          0        988   encoder.o
       160         92          0          0          0       2075   esp8266.o
        44          4          0          0          0        532   gpio.o
       552        140          0         44         32     253155   main.o
       172         22          0          0          0     214789   misc.o
       734         22       1520          0          0       7055   oled.o
       440         26          0          0          0       2184   pwm.o
       630         44          0          8        200       3594   serial.o
        36          8        236          0       1024        856   startup_stm32f10x_md.o
       486         24          0          0          0       9126   stm32f10x_adc.o
       314          0          0          0          0       4504   stm32f10x_gpio.o
        26          0          0          0          0       4114   stm32f10x_it.o
       332         44          0         20          0       5854   stm32f10x_rcc.o
       638         62          0          0          0       8936   stm32f10x_tim.o
       472          6          0          0          0       7207   stm32f10x_usart.o
       328         28          0         20          0       2305   system_stm32f10x.o
       100          4          0          0          0        613   timer.o
       324         26          0          6        200       3880   usart.o

    ----------------------------------------------------------------------
      7654        874       1788        124       1460     541978   Object Totals
         0          0         32          0          0          0   (incl. Generated)
        28          0          0          2          4          0   (incl. Padding)

    ----------------------------------------------------------------------

      Code (inc. data)   RO Data    RW Data    ZI Data      Debug   Library Member Name

         0          0          0          0          0          0   entry.o
         0          0          0          0          0          0   entry10a.o
         0          0          0          0          0          0   entry11a.o
         8          4          0          0          0          0   entry2.o
         4          0          0          0          0          0   entry5.o
         0          0          0          0          0          0   entry7b.o
         0          0          0          0          0          0   entry8b.o
         8          4          0          0          0          0   entry9a.o
        30          0          0          0          0          0   handlers.o
        36          8          0          0          0         68   init.o
         0          0          0          0          0          0   iusefp.o
        30          0          0          0          0         68   llshl.o
        36          0          0          0          0         68   llsshr.o
        32          0          0          0          0         68   llushr.o
      2308         96          0          0          0        604   printfa.o
        28          0          0          0          0         76   strcmp.o
        44          0          0          0          0         80   uidiv.o
        98          0          0          0          0         92   uldiv.o
        48          0          0          0          0         68   cdrcmple.o
        20          0          0          0          0         68   cfcmple.o
        20          0          0          0          0         68   cfrcmple.o
        56          0          0          0          0         88   d2f.o
       334          0          0          0          0        148   dadd.o
       222          0          0          0          0        100   ddiv.o
       186          0          0          0          0        176   depilogue.o
        48          0          0          0          0         68   dfixul.o
        34          0          0          0          0         76   dflti.o
       228          0          0          0          0         96   dmul.o
        38          0          0          0          0         68   f2d.o
       176          0          0          0          0        140   fadd.o
       124          0          0          0          0         88   fdiv.o
       110          0          0          0          0        168   fepilogue.o
        40          0          0          0          0         68   ffixui.o
        10          0          0          0          0         68   ffltui.o
       100          0          0          0          0         76   fmul.o

    ----------------------------------------------------------------------
      4458        112          0          0          0       2756   Library Totals
         2          0          0          0          0          0   (incl. Padding)

    ----------------------------------------------------------------------

      Code (inc. data)   RO Data    RW Data    ZI Data      Debug   Library Name

      2662        112          0          0          0       1124   mc_w.l
      1794          0          0          0          0       1632   mf_w.l

    ----------------------------------------------------------------------
      4458        112          0          0          0       2756   Library Totals

    ----------------------------------------------------------------------

==============================================================================


      Code (inc. data)   RO Data    RW Data    ZI Data      Debug   

     12112        986       1788        124       1460     538282   Grand Totals
     12112        986       1788        124       1460     538282   ELF Image Totals
     12112        986       1788        124          0          0   ROM Totals

==============================================================================

    Total RO  Size (Code + RO Data)                13900 (  13.57kB)
    Total RW  Size (RW Data + ZI Data)              1584 (   1.55kB)
    Total ROM Size (Code + RO Data + RW Data)      14024 (  13.70kB)

==============================================================================

