<html>
<body>
<pre>
<h1>µVision Build Log</h1>
<h2>Tool Versions:</h2>
IDE-Version: ¦ÌVision V5.24.2.0
Copyright (C) 2017 ARM Ltd and ARM Germany GmbH. All rights reserved.
License Information: A Administrator, AA, LIC=76F5U-S07IN-HL2CL-0QB8I-RX7RA-GKUD2
 
Tool Versions:
Toolchain:       MDK-ARM Plus  Version: 5.24.1
Toolchain Path:  E:\keil5\ARM\ARMCC\Bin
C Compiler:      Armcc.exe V5.06 update 5 (build 528)
Assembler:       Armasm.exe V5.06 update 5 (build 528)
Linker/Locator:  ArmLink.exe V5.06 update 5 (build 528)
Library Manager: ArmAr.exe V5.06 update 5 (build 528)
Hex Converter:   FromElf.exe V5.06 update 5 (build 528)
CPU DLL:         SARMCM3.DLL V5.24.1
Dialog DLL:      DCM.DLL V1.16.0.0
Target DLL:      STLink\ST-LINKIII-KEIL_SWO.dll V3.0.1.0
Dialog DLL:      TCM.DLL V1.32.0.0
 
<h2>Project:</h2>
C:\Users\Administrator\Desktop\¸î²Ý»úÆ÷ÈË±ÏÒµÉè¼Æ\D153Bdemo£¨»ô¶û±àÂëÆ÷£©2025.7.7£¨4£©\USER\Tb6612demo.uvprojx
Project File Date:  02/14/2026

<h2>Output:</h2>
*** Using Compiler 'V5.06 update 5 (build 528)', folder: 'E:\keil5\ARM\ARMCC\Bin'
Rebuild target 'Tb6612demo'
assembling startup_stm32f10x_md.s...
compiling stm32f10x_it.c...
compiling main.c...
..\HAREWER\Serial\Serial.h(16): warning:  #1-D: last line of file ends without a newline
  #endif
main.c: 1 warning, 0 errors
compiling core_cm3.c...
compiling misc.c...
compiling system_stm32f10x.c...
compiling stm32f10x_adc.c...
compiling stm32f10x_bkp.c...
compiling stm32f10x_crc.c...
compiling stm32f10x_dac.c...
compiling stm32f10x_can.c...
compiling stm32f10x_cec.c...
compiling stm32f10x_dbgmcu.c...
compiling stm32f10x_dma.c...
compiling stm32f10x_exti.c...
compiling stm32f10x_gpio.c...
compiling stm32f10x_fsmc.c...
compiling stm32f10x_flash.c...
compiling stm32f10x_i2c.c...
compiling stm32f10x_iwdg.c...
compiling stm32f10x_rtc.c...
compiling stm32f10x_pwr.c...
compiling stm32f10x_spi.c...
compiling stm32f10x_sdio.c...
compiling stm32f10x_rcc.c...
compiling stm32f10x_wwdg.c...
compiling stm32f10x_tim.c...
compiling delay.c...
compiling stm32f10x_usart.c...
compiling usart.c...
compiling moto.c...
compiling gpio.c...
compiling pwm.c...
compiling timer.c...
compiling encoder.c...
compiling adc.c...
compiling sys.c...
compiling DHT22.c...
compiling ESP8266.c...
..\HAREWER\Serial\Serial.h(16): warning:  #1-D: last line of file ends without a newline
  #endif
..\HAREWER\ESP8266\ESP8266.c: 1 warning, 0 errors
compiling Control.c...
..\HAREWER\CONTROL\Control.c(96): warning:  #223-D: function "strcmp" declared implicitly
      if (strcmp(cmd, "&R1") == 0)
..\HAREWER\CONTROL\Control.c(100): warning:  #223-D: function "printf" declared implicitly
          printf("Forward\r\n");
..\HAREWER\CONTROL\Control.c(106): warning:  #223-D: function "printf" declared implicitly
          printf("Backward\r\n");
..\HAREWER\CONTROL\Control.c(112): warning:  #223-D: function "printf" declared implicitly
          printf("Left Turn\r\n");
..\HAREWER\CONTROL\Control.c(118): warning:  #223-D: function "printf" declared implicitly
          printf("Right Turn\r\n");
..\HAREWER\CONTROL\Control.c(124): warning:  #223-D: function "printf" declared implicitly
          printf("Stop\r\n");
..\HAREWER\CONTROL\Control.c(133): warning:  #223-D: function "printf" declared implicitly
          printf("Speed Up, PWM=%d\r\n", wheel_pwm_value);
..\HAREWER\CONTROL\Control.c(142): warning:  #223-D: function "printf" declared implicitly
          printf("Speed Down, PWM=%d\r\n", wheel_pwm_value);
..\HAREWER\CONTROL\Control.c(148): warning:  #223-D: function "printf" declared implicitly
          printf("Servo Left Start\r\n");
..\HAREWER\CONTROL\Control.c(153): warning:  #223-D: function "printf" declared implicitly
          printf("Servo Right Start\r\n");
..\HAREWER\CONTROL\Control.c(161): warning:  #223-D: function "printf" declared implicitly
          printf("Stop\r\n");
..\HAREWER\CONTROL\Control.c: 11 warnings, 0 errors
compiling Serial.c...
..\HAREWER\Serial\Serial.h(16): warning:  #1-D: last line of file ends without a newline
  #endif
..\HAREWER\Serial\Serial.c(136): warning:  #1-D: last line of file ends without a newline
  }
..\HAREWER\Serial\Serial.c: 2 warnings, 0 errors
compiling OLED.c...
linking...
Program Size: Code=12112 RO-data=1788 RW-data=124 ZI-data=1460  
FromELF: creating hex file...
"..\OBJ\Minibalance.axf" - 0 Error(s), 15 Warning(s).

<h2>Software Packages used:</h2>

Package Vendor: Keil
                http://www.keil.com/pack/Keil.STM32F1xx_DFP.2.2.0.pack
                Keil.STM32F1xx_DFP.2.2.0
                STMicroelectronics STM32F1 Series Device Support, Drivers and Examples

<h2>Collection of Component include folders:</h2>
  .\RTE\_Tb6612demo
  E:\keil5\ARM\PACK\Keil\STM32F1xx_DFP\2.2.0\Device\Include

<h2>Collection of Component Files used:</h2>
Build Time Elapsed:  00:00:03
</pre>
</body>
</html>
